******************************************************************************
                  TI ARM Linker PC v18.12.4                    
******************************************************************************
>> Linked Thu Apr  1 11:26:45 2021

OUTPUT FILE NAME:   <TMS570_RTI_GIO_OUTPUT.out>
ENTRY POINT SYMBOL: "_c_int00"  address: 00005710


MEMORY CONFIGURATION

         name            origin    length      used     unused   attr    fill
----------------------  --------  ---------  --------  --------  ----  --------
  VECTORS               00000000   00000020  00000020  00000000     X
  FLASH0                00000020   0005ffe0  00006268  00059d78  R  X
  STACKS                08000000   00001500  00000000  00001500  RW  
  RAM                   08001500   00006b00  00000019  00006ae7  RW  


SEGMENT ALLOCATION MAP

run origin  load origin   length   init length attrs members
----------  ----------- ---------- ----------- ----- -------
00000000    00000000    00006288   00006288    r-x
  00000000    00000000    00000020   00000020    r-x .intvecs
  00000020    00000020    000060b8   000060b8    r-x .text
  000060d8    000060d8    00000180   00000180    r-- .const
  00006258    00006258    00000030   00000030    r-- .cinit
08001500    08001500    00000019   00000000    rw-
  08001500    08001500    00000018   00000000    rw- .bss
  08001518    08001518    00000001   00000000    rw- .data


SECTION ALLOCATION MAP

 output                                  attributes/
section   page    origin      length       input sections
--------  ----  ----------  ----------   ----------------
.intvecs   0    00000000    00000020     
                  00000000    00000020     sys_intvecs.obj (.intvecs)

.text      0    00000020    000060b8     
                  00000020    000024f0     sys_selftest.obj (.text)
                  00002510    00000aa0     system.obj (.text)
                  00002fb0    00000898     sys_vim.obj (.text)
                  00003848    00000664     errata_SSWF021_45.obj (.text)
                  00003eac    00000634     rti.obj (.text)
                  000044e0    000005bc     esm.obj (.text)
                  00004a9c    000003d0     sys_main.obj (.text)
                  00004e6c    0000036c     gio.obj (.text)
                  000051d8    000002d0     sys_core.obj (.text)
                  000054a8    00000268     sys_vim.obj (.text:retain)
                  00005710    0000021c     sys_startup.obj (.text:retain)
                  0000592c    00000180     rtsv7R4_A_be_eabi.lib : memcpy32.asm.obj (.text)
                  00005aac    00000150     pinmux.obj (.text)
                  00005bfc    000000ec     esm.obj (.text:retain)
                  00005ce8    000000e8     dabort.obj (.text)
                  00005dd0    000000e0     sys_pmu.obj (.text)
                  00005eb0    000000a0     notification.obj (.text)
                  00005f50    00000090     rtsv7R4_A_be_eabi.lib : copy_decompress_lzss.c.obj (.text:decompress:lzss:__TI_decompress_lzss)
                  00005fe0    00000068                           : autoinit.c.obj (.text:__TI_auto_init_nobinit_nopinit:__TI_auto_init_nobinit_nopinit)
                  00006048    00000044     rti.obj (.text:retain)
                  0000608c    00000028     rtsv7R4_A_be_eabi.lib : copy_zero_init.c.obj (.text:decompress:ZI:__TI_zero_init_nomemset:__TI_zero_init_nomemset)
                  000060b4    00000014                           : copy_decompress_none.c.obj (.text:decompress:none:__TI_decompress_none)
                  000060c8    00000008                           : exit.c.obj (.text:abort:abort)
                  000060d0    00000004     sys_phantom.obj (.text:retain)
                  000060d4    00000004     sys_startup.obj (.text)

.const     0    000060d8    00000180     
                  000060d8    00000180     sys_vim.obj (.const:s_vim_init)

.cinit     0    00006258    00000030     
                  00006258    0000000c     (__TI_handler_table)
                  00006264    00000004     --HOLE-- [fill = 0]
                  00006268    00000008     (.cinit..bss.load) [load image, compression = zero_init]
                  00006270    00000005     (.cinit..data.load) [load image, compression = lzss]
                  00006275    00000003     --HOLE-- [fill = 0]
                  00006278    00000010     (__TI_cinit_table)

.bss       0    08001500    00000018     UNINITIALIZED
                  08001500    00000008     (.common:led_1)
                  08001508    00000008     (.common:led_2)
                  08001510    00000008     (.common:led_3)

.data      0    08001518    00000001     UNINITIALIZED
                  08001518    00000001     sys_main.obj (.data)

MODULE SUMMARY

       Module                       code    ro data   rw data
       ------                       ----    -------   -------
    .\source\
       sys_selftest.obj             9456    0         0      
       sys_vim.obj                  2816    384       0      
       system.obj                   2720    0         0      
       esm.obj                      1704    0         0      
       rti.obj                      1656    0         0      
       errata_SSWF021_45.obj        1636    0         0      
       sys_main.obj                 976     0         25     
       gio.obj                      876     0         0      
       sys_core.obj                 720     0         0      
       sys_startup.obj              544     0         0      
       pinmux.obj                   336     0         0      
       dabort.obj                   232     0         0      
       sys_pmu.obj                  224     0         0      
       notification.obj             160     0         0      
       sys_intvecs.obj              32      0         0      
       sys_phantom.obj              4       0         0      
    +--+----------------------------+-------+---------+---------+
       Total:                       24092   384       25     
                                                             
    C:\ti\ccs930\ccs\tools\compiler\ti-cgt-arm_18.12.4.LTS\lib\rtsv7R4_A_be_eabi.lib
       memcpy32.asm.obj             384     0         0      
       copy_decompress_lzss.c.obj   144     0         0      
       autoinit.c.obj               104     0         0      
       copy_zero_init.c.obj         40      0         0      
       copy_decompress_none.c.obj   20      0         0      
       exit.c.obj                   8       0         0      
    +--+----------------------------+-------+---------+---------+
       Total:                       700     0         0      
                                                             
       Linker Generated:            0       41        0      
    +--+----------------------------+-------+---------+---------+
       Grand Total:                 24792   425       25     


LINKER GENERATED COPY TABLES

__TI_cinit_table @ 00006278 records: 2, size/record: 8, table size: 16
	.bss: load addr=00006268, load size=00000008 bytes, run addr=08001500, run size=00000018 bytes, compression=zero_init
	.data: load addr=00006270, load size=00000005 bytes, run addr=08001518, run size=00000001 bytes, compression=lzss


LINKER GENERATED HANDLER TABLE

__TI_handler_table @ 00006258 records: 3, size/record: 4, table size: 12
	index: 0, handler: __TI_zero_init
	index: 1, handler: __TI_decompress_lzss
	index: 2, handler: __TI_decompress_none


GLOBAL SYMBOLS: SORTED ALPHABETICALLY BY Name 

address   name                                
-------   ----                                
000060c8  C$$EXIT                             
0000420c  IsdwdKeySequenceCorrect             
UNDEFED   SHT$$INIT_ARRAY$$Base               
UNDEFED   SHT$$INIT_ARRAY$$Limit              
00006278  __TI_CINIT_Base                     
00006288  __TI_CINIT_Limit                    
00006258  __TI_Handler_Table_Base             
00006264  __TI_Handler_Table_Limit            
000054a0  __TI_PINIT_Base                     
000054a4  __TI_PINIT_Limit                    
00005fe0  __TI_auto_init_nobinit_nopinit      
00005f50  __TI_decompress_lzss                
000060b4  __TI_decompress_none                
ffffffff  __TI_pprof_out_hndl                 
ffffffff  __TI_prof_data_size                 
ffffffff  __TI_prof_data_start                
00000000  __TI_static_base__                  
0000608c  __TI_zero_init_nomemset             
0000592c  __aeabi_memcpy                      
0000592c  __aeabi_memcpy4                     
0000592c  __aeabi_memcpy8                     
ffffffff  __binit__                           
ffffffff  __c_args__                          
00005710  _c_int00                            
000053c8  _coreClearAuxiliaryDataFault_       
000053dc  _coreClearAuxiliaryInstructionFault_
000053a0  _coreClearDataFaultAddress_         
00005378  _coreClearDataFault_                
000053b4  _coreClearInstructionFaultAddress_  
0000538c  _coreClearInstructionFault_         
0000530c  _coreDisableEventBusExport_         
00005350  _coreDisableFlashEcc_               
0000532c  _coreDisableRamEcc_                 
000052fc  _coreEnableEventBusExport_          
0000533c  _coreEnableFlashEcc_                
00005360  _coreEnableIrqVicOffset_            
0000531c  _coreEnableRamEcc_                  
000053c0  _coreGetAuxiliaryDataFault_         
000053d4  _coreGetAuxiliaryInstructionFault_  
00005398  _coreGetDataFaultAddress_           
00005370  _coreGetDataFault_                  
000053ac  _coreGetInstructionFaultAddress_    
00005384  _coreGetInstructionFault_           
000051d8  _coreInitRegisters_                 
00005290  _coreInitStackPointer_              
00005ce8  _dabort                             
000053f0  _disable_FIQ_interrupt_             
000053f8  _disable_IRQ_interrupt_             
000053e8  _disable_interrupt_                 
00005400  _enable_interrupt_                  
00005490  _errata_CORTEXR4_66_                
00003848  _errata_SSWF021_45_both_plls        
00003a3c  _errata_SSWF021_45_pll1             
00003bb4  _errata_SSWF021_45_pll2             
00005408  _esmCcmErrorsClear_                 
000052dc  _getCPSRValue_                      
000052e4  _gotoCPUIdle_                       
00005e2c  _pmuDisableCountersGlobal_          
00005e1c  _pmuEnableCountersGlobal_           
00005e88  _pmuGetCycleCount_                  
00005e90  _pmuGetEventCount_                  
00005e9c  _pmuGetOverflow_                    
00005dd0  _pmuInit_                           
00005e5c  _pmuResetCounters_                  
00005e3c  _pmuResetCycleCounter_              
00005e4c  _pmuResetEventCounters_             
00005e7c  _pmuSetCountEvent_                  
00005e6c  _pmuStartCounters_                  
00005e74  _pmuStopCounters_                   
UNDEFED   _system_post_cinit                  
000060c8  abort                               
00001004  adc1ParityCheck                     
ffffffff  binit                               
000010bc  can1ParityCheck                     
00001198  can2ParityCheck                     
00000030  ccmSelfCheck                        
00002034  ccmr4GetConfigValue                 
00000938  checkB0RAMECC                       
00000b28  checkB1RAMECC                       
00001604  checkClockMonitor                   
00000d18  checkFlashECC                       
000016d8  checkFlashEEPROMECC                 
00001880  checkPLL1Slip                       
0000199c  checkRAMAddrParity                  
000013bc  checkRAMECC                         
00001aa4  checkRAMUERRTest                    
000007bc  checkefcSelfTest                    
00000234  cpuSelfTest                         
00000dfc  cpuSelfTestFail                     
00002ef0  customTrimLPO                       
00000df4  custom_dabort                       
00002424  disableParity                       
00004274  dwdClearFlag                        
000041a8  dwdCounterEnable                    
000041f0  dwdGenerateSysReset                 
00004240  dwdGetStatus                        
00004284  dwdGetViolationStatus               
0000412c  dwdInit                             
000041d4  dwdReset                            
000041b8  dwdSetPreload                       
0000419c  dwwdGetCurrentDownCounter           
00004154  dwwdInit                            
00000660  efcCheck                            
00001f98  efcGetConfigValue                   
00000794  efcSelfTest                         
000006e8  efcStuckZeroTest                    
000023d0  enableParity                        
000020b0  errata_PBIST_4                      
00004664  esmActivateNormalOperation          
00004738  esmClearStatus                      
00004778  esmClearStatusBuffer                
0000462c  esmDisableError                     
0000469c  esmDisableInterrupt                 
00004604  esmEnableError                      
00004674  esmEnableInterrupt                  
00004870  esmEnterSelfTest                    
000045e8  esmError                            
00004948  esmGetConfigValue                   
000047b4  esmGetStatus                        
00004838  esmGetStatusBuffer                  
00005eb0  esmGroup1Notification               
00005ec0  esmGroup2Notification               
00005bfc  esmHighInterrupt                    
000044e0  esmInit                             
000048f8  esmSelfTestStatus                   
00004794  esmSetCounterPreloadValue           
000046c4  esmSetInterruptLevel                
00004654  esmTriggerErrorPinReset             
00001c00  fmcBus1ParityCheck                  
0000085c  fmcBus2Check                        
00000898  fmcECCcheck                         
00005064  gioDisableNotification              
00005028  gioEnableNotification               
00004f90  gioGetBit                           
000050a0  gioGetConfigValue                   
00004fb8  gioGetPort                          
00004e6c  gioInit                             
00005f18  gioNotification                     
00004f20  gioSetBit                           
00004f00  gioSetDirection                     
00004f70  gioSetPort                          
00004fd0  gioToggleBit                        
000060d4  handlePLLLockFail                   
00000eac  het1ParityCheck                     
00000f4c  htu1ParityCheck                     
08001500  led_1                               
08001508  led_2                               
08001510  led_3                               
00004a9c  main                                
00002668  mapClocks                           
0000592c  memcpy                              
00000174  memoryInit                          
00005ed0  memoryPort0TestFailNotification     
00005eec  memoryPort1TestFailNotification     
00001260  mibspi1ParityCheck                  
00005aac  muxInit                             
00001d2c  pbistFail                           
00001db0  pbistGetConfigValue                 
000005a8  pbistIsTestCompleted                
000005d4  pbistIsTestPassed                   
00000608  pbistPortTestStatus                 
000004ac  pbistRun                            
000002cc  pbistSelfCheck                      
00000578  pbistStop                           
00002614  periphInit                          
000060d0  phantomInterrupt                    
00005b34  pinmuxGetConfigValue                
00000000  resetEntry                          
00006048  rtiCompare0Interrupt                
00006068  rtiCompare1Interrupt                
00004334  rtiDisableNotification              
0000430c  rtiEnableNotification               
00004350  rtiGetConfigValue                   
000040a0  rtiGetCurrentTick                   
00004078  rtiGetPeriod                        
00003eac  rtiInit                             
00004e14  rtiNotification                     
00003fec  rtiResetCounter                     
00004050  rtiSetPeriod                        
00003f94  rtiStartCounter                     
00003fc0  rtiStopCounter                      
00000020  selftestFailNotification            
000025d4  setupFlash                          
00002510  setupPLL                            
00005f40  spiEndNotification                  
00005f2c  spiNotification                     
00002db4  sramGetConfigValue                  
00001ef8  stcGetConfigValue                   
000001b8  stcSelfCheck                        
00000df8  stcSelfCheckFail                    
00002848  systemGetConfigValue                
0000274c  systemInit                          
00002818  systemPowerDown                     
00002c08  tcmflashGetConfigValue              
08001518  tick                                
00002560  trimLPO                             
00003084  vimChannelMap                       
00003280  vimDisableInterrupt                 
00003128  vimEnableInterrupt                  
00003304  vimGetConfigValue                   
00002fb0  vimInit                             
00000e00  vimParityCheck                      
000054a8  vimParityErrorHandler               


GLOBAL SYMBOLS: SORTED BY Symbol Address 

address   name                                
-------   ----                                
00000000  __TI_static_base__                  
00000000  resetEntry                          
00000020  selftestFailNotification            
00000030  ccmSelfCheck                        
00000174  memoryInit                          
000001b8  stcSelfCheck                        
00000234  cpuSelfTest                         
000002cc  pbistSelfCheck                      
000004ac  pbistRun                            
00000578  pbistStop                           
000005a8  pbistIsTestCompleted                
000005d4  pbistIsTestPassed                   
00000608  pbistPortTestStatus                 
00000660  efcCheck                            
000006e8  efcStuckZeroTest                    
00000794  efcSelfTest                         
000007bc  checkefcSelfTest                    
0000085c  fmcBus2Check                        
00000898  fmcECCcheck                         
00000938  checkB0RAMECC                       
00000b28  checkB1RAMECC                       
00000d18  checkFlashECC                       
00000df4  custom_dabort                       
00000df8  stcSelfCheckFail                    
00000dfc  cpuSelfTestFail                     
00000e00  vimParityCheck                      
00000eac  het1ParityCheck                     
00000f4c  htu1ParityCheck                     
00001004  adc1ParityCheck                     
000010bc  can1ParityCheck                     
00001198  can2ParityCheck                     
00001260  mibspi1ParityCheck                  
000013bc  checkRAMECC                         
00001604  checkClockMonitor                   
000016d8  checkFlashEEPROMECC                 
00001880  checkPLL1Slip                       
0000199c  checkRAMAddrParity                  
00001aa4  checkRAMUERRTest                    
00001c00  fmcBus1ParityCheck                  
00001d2c  pbistFail                           
00001db0  pbistGetConfigValue                 
00001ef8  stcGetConfigValue                   
00001f98  efcGetConfigValue                   
00002034  ccmr4GetConfigValue                 
000020b0  errata_PBIST_4                      
000023d0  enableParity                        
00002424  disableParity                       
00002510  setupPLL                            
00002560  trimLPO                             
000025d4  setupFlash                          
00002614  periphInit                          
00002668  mapClocks                           
0000274c  systemInit                          
00002818  systemPowerDown                     
00002848  systemGetConfigValue                
00002c08  tcmflashGetConfigValue              
00002db4  sramGetConfigValue                  
00002ef0  customTrimLPO                       
00002fb0  vimInit                             
00003084  vimChannelMap                       
00003128  vimEnableInterrupt                  
00003280  vimDisableInterrupt                 
00003304  vimGetConfigValue                   
00003848  _errata_SSWF021_45_both_plls        
00003a3c  _errata_SSWF021_45_pll1             
00003bb4  _errata_SSWF021_45_pll2             
00003eac  rtiInit                             
00003f94  rtiStartCounter                     
00003fc0  rtiStopCounter                      
00003fec  rtiResetCounter                     
00004050  rtiSetPeriod                        
00004078  rtiGetPeriod                        
000040a0  rtiGetCurrentTick                   
0000412c  dwdInit                             
00004154  dwwdInit                            
0000419c  dwwdGetCurrentDownCounter           
000041a8  dwdCounterEnable                    
000041b8  dwdSetPreload                       
000041d4  dwdReset                            
000041f0  dwdGenerateSysReset                 
0000420c  IsdwdKeySequenceCorrect             
00004240  dwdGetStatus                        
00004274  dwdClearFlag                        
00004284  dwdGetViolationStatus               
0000430c  rtiEnableNotification               
00004334  rtiDisableNotification              
00004350  rtiGetConfigValue                   
000044e0  esmInit                             
000045e8  esmError                            
00004604  esmEnableError                      
0000462c  esmDisableError                     
00004654  esmTriggerErrorPinReset             
00004664  esmActivateNormalOperation          
00004674  esmEnableInterrupt                  
0000469c  esmDisableInterrupt                 
000046c4  esmSetInterruptLevel                
00004738  esmClearStatus                      
00004778  esmClearStatusBuffer                
00004794  esmSetCounterPreloadValue           
000047b4  esmGetStatus                        
00004838  esmGetStatusBuffer                  
00004870  esmEnterSelfTest                    
000048f8  esmSelfTestStatus                   
00004948  esmGetConfigValue                   
00004a9c  main                                
00004e14  rtiNotification                     
00004e6c  gioInit                             
00004f00  gioSetDirection                     
00004f20  gioSetBit                           
00004f70  gioSetPort                          
00004f90  gioGetBit                           
00004fb8  gioGetPort                          
00004fd0  gioToggleBit                        
00005028  gioEnableNotification               
00005064  gioDisableNotification              
000050a0  gioGetConfigValue                   
000051d8  _coreInitRegisters_                 
00005290  _coreInitStackPointer_              
000052dc  _getCPSRValue_                      
000052e4  _gotoCPUIdle_                       
000052fc  _coreEnableEventBusExport_          
0000530c  _coreDisableEventBusExport_         
0000531c  _coreEnableRamEcc_                  
0000532c  _coreDisableRamEcc_                 
0000533c  _coreEnableFlashEcc_                
00005350  _coreDisableFlashEcc_               
00005360  _coreEnableIrqVicOffset_            
00005370  _coreGetDataFault_                  
00005378  _coreClearDataFault_                
00005384  _coreGetInstructionFault_           
0000538c  _coreClearInstructionFault_         
00005398  _coreGetDataFaultAddress_           
000053a0  _coreClearDataFaultAddress_         
000053ac  _coreGetInstructionFaultAddress_    
000053b4  _coreClearInstructionFaultAddress_  
000053c0  _coreGetAuxiliaryDataFault_         
000053c8  _coreClearAuxiliaryDataFault_       
000053d4  _coreGetAuxiliaryInstructionFault_  
000053dc  _coreClearAuxiliaryInstructionFault_
000053e8  _disable_interrupt_                 
000053f0  _disable_FIQ_interrupt_             
000053f8  _disable_IRQ_interrupt_             
00005400  _enable_interrupt_                  
00005408  _esmCcmErrorsClear_                 
00005490  _errata_CORTEXR4_66_                
000054a0  __TI_PINIT_Base                     
000054a4  __TI_PINIT_Limit                    
000054a8  vimParityErrorHandler               
00005710  _c_int00                            
0000592c  __aeabi_memcpy                      
0000592c  __aeabi_memcpy4                     
0000592c  __aeabi_memcpy8                     
0000592c  memcpy                              
00005aac  muxInit                             
00005b34  pinmuxGetConfigValue                
00005bfc  esmHighInterrupt                    
00005ce8  _dabort                             
00005dd0  _pmuInit_                           
00005e1c  _pmuEnableCountersGlobal_           
00005e2c  _pmuDisableCountersGlobal_          
00005e3c  _pmuResetCycleCounter_              
00005e4c  _pmuResetEventCounters_             
00005e5c  _pmuResetCounters_                  
00005e6c  _pmuStartCounters_                  
00005e74  _pmuStopCounters_                   
00005e7c  _pmuSetCountEvent_                  
00005e88  _pmuGetCycleCount_                  
00005e90  _pmuGetEventCount_                  
00005e9c  _pmuGetOverflow_                    
00005eb0  esmGroup1Notification               
00005ec0  esmGroup2Notification               
00005ed0  memoryPort0TestFailNotification     
00005eec  memoryPort1TestFailNotification     
00005f18  gioNotification                     
00005f2c  spiNotification                     
00005f40  spiEndNotification                  
00005f50  __TI_decompress_lzss                
00005fe0  __TI_auto_init_nobinit_nopinit      
00006048  rtiCompare0Interrupt                
00006068  rtiCompare1Interrupt                
0000608c  __TI_zero_init_nomemset             
000060b4  __TI_decompress_none                
000060c8  C$$EXIT                             
000060c8  abort                               
000060d0  phantomInterrupt                    
000060d4  handlePLLLockFail                   
00006258  __TI_Handler_Table_Base             
00006264  __TI_Handler_Table_Limit            
00006278  __TI_CINIT_Base                     
00006288  __TI_CINIT_Limit                    
08001500  led_1                               
08001508  led_2                               
08001510  led_3                               
08001518  tick                                
ffffffff  __TI_pprof_out_hndl                 
ffffffff  __TI_prof_data_size                 
ffffffff  __TI_prof_data_start                
ffffffff  __binit__                           
ffffffff  __c_args__                          
ffffffff  binit                               
UNDEFED   SHT$$INIT_ARRAY$$Base               
UNDEFED   SHT$$INIT_ARRAY$$Limit              
UNDEFED   _system_post_cinit                  

[203 symbols]
