<?xml version="1.0" encoding="ISO-8859-1" ?>
<link_info>
   <banner>TI ARM Linker PC v18.12.4.LTS</banner>
   <copyright>Copyright (c) 1996-2018 Texas Instruments Incorporated</copyright>
   <link_time>0x6024d8ef</link_time>
   <link_errors>0x0</link_errors>
   <output_file>TMS570_RTI_GIO_OUTPUT.out</output_file>
   <entry_point>
      <name>_c_int00</name>
      <address>0x533c</address>
   </entry_point>
   <input_file_list>
      <input_file id="fl-2">
         <path>.\source\</path>
         <kind>object</kind>
         <file>dabort.obj</file>
         <name>dabort.obj</name>
      </input_file>
      <input_file id="fl-3">
         <path>.\source\</path>
         <kind>object</kind>
         <file>errata_SSWF021_45.obj</file>
         <name>errata_SSWF021_45.obj</name>
      </input_file>
      <input_file id="fl-4">
         <path>.\source\</path>
         <kind>object</kind>
         <file>esm.obj</file>
         <name>esm.obj</name>
      </input_file>
      <input_file id="fl-5">
         <path>.\source\</path>
         <kind>object</kind>
         <file>gio.obj</file>
         <name>gio.obj</name>
      </input_file>
      <input_file id="fl-6">
         <path>.\source\</path>
         <kind>object</kind>
         <file>notification.obj</file>
         <name>notification.obj</name>
      </input_file>
      <input_file id="fl-7">
         <path>.\source\</path>
         <kind>object</kind>
         <file>pinmux.obj</file>
         <name>pinmux.obj</name>
      </input_file>
      <input_file id="fl-8">
         <path>.\source\</path>
         <kind>object</kind>
         <file>rti.obj</file>
         <name>rti.obj</name>
      </input_file>
      <input_file id="fl-9">
         <path>.\source\</path>
         <kind>object</kind>
         <file>sys_core.obj</file>
         <name>sys_core.obj</name>
      </input_file>
      <input_file id="fl-a">
         <path>.\source\</path>
         <kind>object</kind>
         <file>sys_intvecs.obj</file>
         <name>sys_intvecs.obj</name>
      </input_file>
      <input_file id="fl-b">
         <path>.\source\</path>
         <kind>object</kind>
         <file>sys_main.obj</file>
         <name>sys_main.obj</name>
      </input_file>
      <input_file id="fl-c">
         <path>.\source\</path>
         <kind>object</kind>
         <file>sys_mpu.obj</file>
         <name>sys_mpu.obj</name>
      </input_file>
      <input_file id="fl-d">
         <path>.\source\</path>
         <kind>object</kind>
         <file>sys_pcr.obj</file>
         <name>sys_pcr.obj</name>
      </input_file>
      <input_file id="fl-e">
         <path>.\source\</path>
         <kind>object</kind>
         <file>sys_phantom.obj</file>
         <name>sys_phantom.obj</name>
      </input_file>
      <input_file id="fl-f">
         <path>.\source\</path>
         <kind>object</kind>
         <file>sys_pmu.obj</file>
         <name>sys_pmu.obj</name>
      </input_file>
      <input_file id="fl-10">
         <path>.\source\</path>
         <kind>object</kind>
         <file>sys_selftest.obj</file>
         <name>sys_selftest.obj</name>
      </input_file>
      <input_file id="fl-11">
         <path>.\source\</path>
         <kind>object</kind>
         <file>sys_startup.obj</file>
         <name>sys_startup.obj</name>
      </input_file>
      <input_file id="fl-12">
         <path>.\source\</path>
         <kind>object</kind>
         <file>sys_vim.obj</file>
         <name>sys_vim.obj</name>
      </input_file>
      <input_file id="fl-13">
         <path>.\source\</path>
         <kind>object</kind>
         <file>system.obj</file>
         <name>system.obj</name>
      </input_file>
      <input_file id="fl-17">
         <kind>object</kind>
         <file>&lt;internal&gt;</file>
         <name>&lt;internal&gt;</name>
      </input_file>
      <input_file id="fl-cd">
         <path>C:\ti\ccs930\ccs\tools\compiler\ti-cgt-arm_18.12.4.LTS\lib\</path>
         <kind>archive</kind>
         <file>rtsv7R4_A_be_eabi.lib</file>
         <name>autoinit.c.obj</name>
      </input_file>
      <input_file id="fl-ce">
         <path>C:\ti\ccs930\ccs\tools\compiler\ti-cgt-arm_18.12.4.LTS\lib\</path>
         <kind>archive</kind>
         <file>rtsv7R4_A_be_eabi.lib</file>
         <name>cpy_tbl.c.obj</name>
      </input_file>
      <input_file id="fl-cf">
         <path>C:\ti\ccs930\ccs\tools\compiler\ti-cgt-arm_18.12.4.LTS\lib\</path>
         <kind>archive</kind>
         <file>rtsv7R4_A_be_eabi.lib</file>
         <name>copy_zero_init.c.obj</name>
      </input_file>
      <input_file id="fl-d0">
         <path>C:\ti\ccs930\ccs\tools\compiler\ti-cgt-arm_18.12.4.LTS\lib\</path>
         <kind>archive</kind>
         <file>rtsv7R4_A_be_eabi.lib</file>
         <name>copy_decompress_none.c.obj</name>
      </input_file>
      <input_file id="fl-d1">
         <path>C:\ti\ccs930\ccs\tools\compiler\ti-cgt-arm_18.12.4.LTS\lib\</path>
         <kind>archive</kind>
         <file>rtsv7R4_A_be_eabi.lib</file>
         <name>copy_decompress_lzss.c.obj</name>
      </input_file>
      <input_file id="fl-d2">
         <path>C:\ti\ccs930\ccs\tools\compiler\ti-cgt-arm_18.12.4.LTS\lib\</path>
         <kind>archive</kind>
         <file>rtsv7R4_A_be_eabi.lib</file>
         <name>exit.c.obj</name>
      </input_file>
      <input_file id="fl-d3">
         <path>C:\ti\ccs930\ccs\tools\compiler\ti-cgt-arm_18.12.4.LTS\lib\</path>
         <kind>archive</kind>
         <file>rtsv7R4_A_be_eabi.lib</file>
         <name>_lock.c.obj</name>
      </input_file>
      <input_file id="fl-d4">
         <path>C:\ti\ccs930\ccs\tools\compiler\ti-cgt-arm_18.12.4.LTS\lib\</path>
         <kind>archive</kind>
         <file>rtsv7R4_A_be_eabi.lib</file>
         <name>memset32.asm.obj</name>
      </input_file>
      <input_file id="fl-d5">
         <path>C:\ti\ccs930\ccs\tools\compiler\ti-cgt-arm_18.12.4.LTS\lib\</path>
         <kind>archive</kind>
         <file>rtsv7R4_A_be_eabi.lib</file>
         <name>memcpy32.asm.obj</name>
      </input_file>
   </input_file_list>
   <object_component_list>
      <object_component id="oc-2e">
         <name>.intvecs</name>
         <load_address>0x0</load_address>
         <run_address>0x0</run_address>
         <size>0x20</size>
         <input_file_ref idref="fl-a"/>
      </object_component>
      <object_component id="oc-7f">
         <name>.text</name>
         <load_address>0x20</load_address>
         <run_address>0x20</run_address>
         <size>0x24f0</size>
         <input_file_ref idref="fl-10"/>
      </object_component>
      <object_component id="oc-79">
         <name>.text</name>
         <load_address>0x2510</load_address>
         <run_address>0x2510</run_address>
         <size>0xaa0</size>
         <input_file_ref idref="fl-13"/>
      </object_component>
      <object_component id="oc-3a">
         <name>.text</name>
         <load_address>0x2fb0</load_address>
         <run_address>0x2fb0</run_address>
         <size>0x898</size>
         <input_file_ref idref="fl-12"/>
      </object_component>
      <object_component id="oc-6d">
         <name>.text</name>
         <load_address>0x3848</load_address>
         <run_address>0x3848</run_address>
         <size>0x664</size>
         <input_file_ref idref="fl-3"/>
      </object_component>
      <object_component id="oc-125">
         <name>.text</name>
         <load_address>0x3eac</load_address>
         <run_address>0x3eac</run_address>
         <size>0x630</size>
         <input_file_ref idref="fl-8"/>
      </object_component>
      <object_component id="oc-85">
         <name>.text</name>
         <load_address>0x44dc</load_address>
         <run_address>0x44dc</run_address>
         <size>0x5bc</size>
         <input_file_ref idref="fl-4"/>
      </object_component>
      <object_component id="oc-12b">
         <name>.text</name>
         <load_address>0x4a98</load_address>
         <run_address>0x4a98</run_address>
         <size>0x36c</size>
         <input_file_ref idref="fl-5"/>
      </object_component>
      <object_component id="oc-68">
         <name>.text</name>
         <load_address>0x4e04</load_address>
         <run_address>0x4e04</run_address>
         <size>0x2d0</size>
         <input_file_ref idref="fl-9"/>
      </object_component>
      <object_component id="oc-39">
         <name>.text:retain</name>
         <load_address>0x50d4</load_address>
         <run_address>0x50d4</run_address>
         <size>0x268</size>
         <input_file_ref idref="fl-12"/>
      </object_component>
      <object_component id="oc-19">
         <name>.text:retain</name>
         <load_address>0x533c</load_address>
         <run_address>0x533c</run_address>
         <size>0x21c</size>
         <input_file_ref idref="fl-11"/>
      </object_component>
      <object_component id="oc-df">
         <name>.text</name>
         <load_address>0x5558</load_address>
         <run_address>0x5558</run_address>
         <size>0x150</size>
         <input_file_ref idref="fl-7"/>
      </object_component>
      <object_component id="oc-1f">
         <name>.text:retain</name>
         <load_address>0x56a8</load_address>
         <run_address>0x56a8</run_address>
         <size>0xec</size>
         <input_file_ref idref="fl-4"/>
      </object_component>
      <object_component id="oc-a4">
         <name>.text</name>
         <load_address>0x5794</load_address>
         <run_address>0x5794</run_address>
         <size>0xe8</size>
         <input_file_ref idref="fl-2"/>
      </object_component>
      <object_component id="oc-e7">
         <name>.text</name>
         <load_address>0x587c</load_address>
         <run_address>0x587c</run_address>
         <size>0xe0</size>
         <input_file_ref idref="fl-f"/>
      </object_component>
      <object_component id="oc-8c">
         <name>.text</name>
         <load_address>0x595c</load_address>
         <run_address>0x595c</run_address>
         <size>0x94</size>
         <input_file_ref idref="fl-b"/>
      </object_component>
      <object_component id="oc-94">
         <name>.text</name>
         <load_address>0x59f0</load_address>
         <run_address>0x59f0</run_address>
         <size>0x7c</size>
         <input_file_ref idref="fl-6"/>
      </object_component>
      <object_component id="oc-f5">
         <name>.text:__TI_auto_init_nobinit_nopinit:__TI_auto_init_nobinit_nopinit</name>
         <load_address>0x5a6c</load_address>
         <run_address>0x5a6c</run_address>
         <size>0x68</size>
         <input_file_ref idref="fl-cd"/>
      </object_component>
      <object_component id="oc-28">
         <name>.text:retain</name>
         <load_address>0x5ad4</load_address>
         <run_address>0x5ad4</run_address>
         <size>0x24</size>
         <input_file_ref idref="fl-8"/>
      </object_component>
      <object_component id="oc-132">
         <name>.text:abort:abort</name>
         <load_address>0x5af8</load_address>
         <run_address>0x5af8</run_address>
         <size>0x8</size>
         <input_file_ref idref="fl-d2"/>
      </object_component>
      <object_component id="oc-33">
         <name>.text:retain</name>
         <load_address>0x5b00</load_address>
         <run_address>0x5b00</run_address>
         <size>0x4</size>
         <input_file_ref idref="fl-e"/>
      </object_component>
      <object_component id="oc-73">
         <name>.text</name>
         <load_address>0x5b04</load_address>
         <run_address>0x5b04</run_address>
         <size>0x4</size>
         <input_file_ref idref="fl-11"/>
      </object_component>
      <object_component id="oc-25">
         <name>.const:s_vim_init</name>
         <load_address>0x5b08</load_address>
         <run_address>0x5b08</run_address>
         <size>0x180</size>
         <input_file_ref idref="fl-12"/>
      </object_component>
      <object_component id="oc-a5">
         <name>.debug_info</name>
         <load_address>0x0</load_address>
         <run_address>0x0</run_address>
         <size>0x101</size>
         <input_file_ref idref="fl-2"/>
      </object_component>
      <object_component id="oc-17f">
         <name>.debug_info</name>
         <load_address>0x101</load_address>
         <run_address>0x101</run_address>
         <size>0x192</size>
         <input_file_ref idref="fl-3"/>
      </object_component>
      <object_component id="oc-71">
         <name>.debug_info</name>
         <load_address>0x293</load_address>
         <run_address>0x293</run_address>
         <size>0x641</size>
         <input_file_ref idref="fl-3"/>
      </object_component>
      <object_component id="oc-4b">
         <name>.debug_info</name>
         <load_address>0x8d4</load_address>
         <run_address>0x8d4</run_address>
         <size>0x84</size>
         <input_file_ref idref="fl-3"/>
      </object_component>
      <object_component id="oc-d9">
         <name>.debug_info</name>
         <load_address>0x958</load_address>
         <run_address>0x958</run_address>
         <size>0x9e7</size>
         <input_file_ref idref="fl-3"/>
      </object_component>
      <object_component id="oc-f4">
         <name>.debug_info</name>
         <load_address>0x133f</load_address>
         <run_address>0x133f</run_address>
         <size>0x1ea</size>
         <input_file_ref idref="fl-4"/>
      </object_component>
      <object_component id="oc-87">
         <name>.debug_info</name>
         <load_address>0x1529</load_address>
         <run_address>0x1529</run_address>
         <size>0xb2d</size>
         <input_file_ref idref="fl-4"/>
      </object_component>
      <object_component id="oc-21">
         <name>.debug_info</name>
         <load_address>0x2056</load_address>
         <run_address>0x2056</run_address>
         <size>0x18d</size>
         <input_file_ref idref="fl-4"/>
      </object_component>
      <object_component id="oc-147">
         <name>.debug_info</name>
         <load_address>0x21e3</load_address>
         <run_address>0x21e3</run_address>
         <size>0x26b</size>
         <input_file_ref idref="fl-4"/>
      </object_component>
      <object_component id="oc-9b">
         <name>.debug_info</name>
         <load_address>0x244e</load_address>
         <run_address>0x244e</run_address>
         <size>0x157</size>
         <input_file_ref idref="fl-4"/>
      </object_component>
      <object_component id="oc-b1">
         <name>.debug_info</name>
         <load_address>0x25a5</load_address>
         <run_address>0x25a5</run_address>
         <size>0x8b</size>
         <input_file_ref idref="fl-4"/>
      </object_component>
      <object_component id="oc-ac">
         <name>.debug_info</name>
         <load_address>0x2630</load_address>
         <run_address>0x2630</run_address>
         <size>0x18c</size>
         <input_file_ref idref="fl-4"/>
      </object_component>
      <object_component id="oc-1ee">
         <name>.debug_info</name>
         <load_address>0x27bc</load_address>
         <run_address>0x27bc</run_address>
         <size>0x297</size>
         <input_file_ref idref="fl-4"/>
      </object_component>
      <object_component id="oc-140">
         <name>.debug_info</name>
         <load_address>0x2a53</load_address>
         <run_address>0x2a53</run_address>
         <size>0xbb</size>
         <input_file_ref idref="fl-4"/>
      </object_component>
      <object_component id="oc-b6">
         <name>.debug_info</name>
         <load_address>0x2b0e</load_address>
         <run_address>0x2b0e</run_address>
         <size>0x86</size>
         <input_file_ref idref="fl-4"/>
      </object_component>
      <object_component id="oc-14c">
         <name>.debug_info</name>
         <load_address>0x2b94</load_address>
         <run_address>0x2b94</run_address>
         <size>0x1de</size>
         <input_file_ref idref="fl-4"/>
      </object_component>
      <object_component id="oc-ef">
         <name>.debug_info</name>
         <load_address>0x2d72</load_address>
         <run_address>0x2d72</run_address>
         <size>0x129</size>
         <input_file_ref idref="fl-4"/>
      </object_component>
      <object_component id="oc-165">
         <name>.debug_info</name>
         <load_address>0x2e9b</load_address>
         <run_address>0x2e9b</run_address>
         <size>0x2cf</size>
         <input_file_ref idref="fl-4"/>
      </object_component>
      <object_component id="oc-1dc">
         <name>.debug_info</name>
         <load_address>0x316a</load_address>
         <run_address>0x316a</run_address>
         <size>0x16d</size>
         <input_file_ref idref="fl-5"/>
      </object_component>
      <object_component id="oc-12c">
         <name>.debug_info</name>
         <load_address>0x32d7</load_address>
         <run_address>0x32d7</run_address>
         <size>0x6da</size>
         <input_file_ref idref="fl-5"/>
      </object_component>
      <object_component id="oc-156">
         <name>.debug_info</name>
         <load_address>0x39b1</load_address>
         <run_address>0x39b1</run_address>
         <size>0x1f9</size>
         <input_file_ref idref="fl-5"/>
      </object_component>
      <object_component id="oc-214">
         <name>.debug_info</name>
         <load_address>0x3baa</load_address>
         <run_address>0x3baa</run_address>
         <size>0xda</size>
         <input_file_ref idref="fl-5"/>
      </object_component>
      <object_component id="oc-13f">
         <name>.debug_info</name>
         <load_address>0x3c84</load_address>
         <run_address>0x3c84</run_address>
         <size>0x323</size>
         <input_file_ref idref="fl-6"/>
      </object_component>
      <object_component id="oc-95">
         <name>.debug_info</name>
         <load_address>0x3fa7</load_address>
         <run_address>0x3fa7</run_address>
         <size>0x63c</size>
         <input_file_ref idref="fl-6"/>
      </object_component>
      <object_component id="oc-184">
         <name>.debug_info</name>
         <load_address>0x45e3</load_address>
         <run_address>0x45e3</run_address>
         <size>0x791</size>
         <input_file_ref idref="fl-6"/>
      </object_component>
      <object_component id="oc-189">
         <name>.debug_info</name>
         <load_address>0x4d74</load_address>
         <run_address>0x4d74</run_address>
         <size>0x4de</size>
         <input_file_ref idref="fl-6"/>
      </object_component>
      <object_component id="oc-18e">
         <name>.debug_info</name>
         <load_address>0x5252</load_address>
         <run_address>0x5252</run_address>
         <size>0x3ce</size>
         <input_file_ref idref="fl-6"/>
      </object_component>
      <object_component id="oc-1e9">
         <name>.debug_info</name>
         <load_address>0x5620</load_address>
         <run_address>0x5620</run_address>
         <size>0x306</size>
         <input_file_ref idref="fl-6"/>
      </object_component>
      <object_component id="oc-193">
         <name>.debug_info</name>
         <load_address>0x5926</load_address>
         <run_address>0x5926</run_address>
         <size>0x437</size>
         <input_file_ref idref="fl-6"/>
      </object_component>
      <object_component id="oc-1be">
         <name>.debug_info</name>
         <load_address>0x5d5d</load_address>
         <run_address>0x5d5d</run_address>
         <size>0x37b</size>
         <input_file_ref idref="fl-6"/>
      </object_component>
      <object_component id="oc-1d5">
         <name>.debug_info</name>
         <load_address>0x60d8</load_address>
         <run_address>0x60d8</run_address>
         <size>0x1d4</size>
         <input_file_ref idref="fl-6"/>
      </object_component>
      <object_component id="oc-198">
         <name>.debug_info</name>
         <load_address>0x62ac</load_address>
         <run_address>0x62ac</run_address>
         <size>0x1ca</size>
         <input_file_ref idref="fl-6"/>
      </object_component>
      <object_component id="oc-151">
         <name>.debug_info</name>
         <load_address>0x6476</load_address>
         <run_address>0x6476</run_address>
         <size>0x435</size>
         <input_file_ref idref="fl-6"/>
      </object_component>
      <object_component id="oc-1b1">
         <name>.debug_info</name>
         <load_address>0x68ab</load_address>
         <run_address>0x68ab</run_address>
         <size>0x510</size>
         <input_file_ref idref="fl-6"/>
      </object_component>
      <object_component id="oc-19d">
         <name>.debug_info</name>
         <load_address>0x6dbb</load_address>
         <run_address>0x6dbb</run_address>
         <size>0x3d3</size>
         <input_file_ref idref="fl-6"/>
      </object_component>
      <object_component id="oc-1a7">
         <name>.debug_info</name>
         <load_address>0x718e</load_address>
         <run_address>0x718e</run_address>
         <size>0x1de</size>
         <input_file_ref idref="fl-6"/>
      </object_component>
      <object_component id="oc-1b6">
         <name>.debug_info</name>
         <load_address>0x736c</load_address>
         <run_address>0x736c</run_address>
         <size>0x17a</size>
         <input_file_ref idref="fl-6"/>
      </object_component>
      <object_component id="oc-15b">
         <name>.debug_info</name>
         <load_address>0x74e6</load_address>
         <run_address>0x74e6</run_address>
         <size>0x642</size>
         <input_file_ref idref="fl-6"/>
      </object_component>
      <object_component id="oc-160">
         <name>.debug_info</name>
         <load_address>0x7b28</load_address>
         <run_address>0x7b28</run_address>
         <size>0x13e</size>
         <input_file_ref idref="fl-6"/>
      </object_component>
      <object_component id="oc-181">
         <name>.debug_info</name>
         <load_address>0x7c66</load_address>
         <run_address>0x7c66</run_address>
         <size>0x154</size>
         <input_file_ref idref="fl-7"/>
      </object_component>
      <object_component id="oc-e3">
         <name>.debug_info</name>
         <load_address>0x7dba</load_address>
         <run_address>0x7dba</run_address>
         <size>0x1e7</size>
         <input_file_ref idref="fl-7"/>
      </object_component>
      <object_component id="oc-1a2">
         <name>.debug_info</name>
         <load_address>0x7fa1</load_address>
         <run_address>0x7fa1</run_address>
         <size>0x1d8</size>
         <input_file_ref idref="fl-7"/>
      </object_component>
      <object_component id="oc-1f7">
         <name>.debug_info</name>
         <load_address>0x8179</load_address>
         <run_address>0x8179</run_address>
         <size>0xc6</size>
         <input_file_ref idref="fl-7"/>
      </object_component>
      <object_component id="oc-1da">
         <name>.debug_info</name>
         <load_address>0x823f</load_address>
         <run_address>0x823f</run_address>
         <size>0x1bd</size>
         <input_file_ref idref="fl-8"/>
      </object_component>
      <object_component id="oc-126">
         <name>.debug_info</name>
         <load_address>0x83fc</load_address>
         <run_address>0x83fc</run_address>
         <size>0xd29</size>
         <input_file_ref idref="fl-8"/>
      </object_component>
      <object_component id="oc-29">
         <name>.debug_info</name>
         <load_address>0x9125</load_address>
         <run_address>0x9125</run_address>
         <size>0x147</size>
         <input_file_ref idref="fl-8"/>
      </object_component>
      <object_component id="oc-69">
         <name>.debug_info</name>
         <load_address>0x926c</load_address>
         <run_address>0x926c</run_address>
         <size>0x782</size>
         <input_file_ref idref="fl-9"/>
      </object_component>
      <object_component id="oc-2f">
         <name>.debug_info</name>
         <load_address>0x99ee</load_address>
         <run_address>0x99ee</run_address>
         <size>0x109</size>
         <input_file_ref idref="fl-a"/>
      </object_component>
      <object_component id="oc-8e">
         <name>.debug_info</name>
         <load_address>0x9af7</load_address>
         <run_address>0x9af7</run_address>
         <size>0x250</size>
         <input_file_ref idref="fl-b"/>
      </object_component>
      <object_component id="oc-1fc">
         <name>.debug_info</name>
         <load_address>0x9d47</load_address>
         <run_address>0x9d47</run_address>
         <size>0x173</size>
         <input_file_ref idref="fl-d"/>
      </object_component>
      <object_component id="oc-229">
         <name>.debug_info</name>
         <load_address>0x9eba</load_address>
         <run_address>0x9eba</run_address>
         <size>0x242</size>
         <input_file_ref idref="fl-d"/>
      </object_component>
      <object_component id="oc-1ac">
         <name>.debug_info</name>
         <load_address>0xa0fc</load_address>
         <run_address>0xa0fc</run_address>
         <size>0x2af</size>
         <input_file_ref idref="fl-d"/>
      </object_component>
      <object_component id="oc-37">
         <name>.debug_info</name>
         <load_address>0xa3ab</load_address>
         <run_address>0xa3ab</run_address>
         <size>0x13e</size>
         <input_file_ref idref="fl-e"/>
      </object_component>
      <object_component id="oc-ea">
         <name>.debug_info</name>
         <load_address>0xa4e9</load_address>
         <run_address>0xa4e9</run_address>
         <size>0x368</size>
         <input_file_ref idref="fl-f"/>
      </object_component>
      <object_component id="oc-ed">
         <name>.debug_info</name>
         <load_address>0xa851</load_address>
         <run_address>0xa851</run_address>
         <size>0x535</size>
         <input_file_ref idref="fl-10"/>
      </object_component>
      <object_component id="oc-80">
         <name>.debug_info</name>
         <load_address>0xad86</load_address>
         <run_address>0xad86</run_address>
         <size>0x2803</size>
         <input_file_ref idref="fl-10"/>
      </object_component>
      <object_component id="oc-1a">
         <name>.debug_info</name>
         <load_address>0xd589</load_address>
         <run_address>0xd589</run_address>
         <size>0x525</size>
         <input_file_ref idref="fl-11"/>
      </object_component>
      <object_component id="oc-74">
         <name>.debug_info</name>
         <load_address>0xdaae</load_address>
         <run_address>0xdaae</run_address>
         <size>0x137</size>
         <input_file_ref idref="fl-11"/>
      </object_component>
      <object_component id="oc-a2">
         <name>.debug_info</name>
         <load_address>0xdbe5</load_address>
         <run_address>0xdbe5</run_address>
         <size>0x341</size>
         <input_file_ref idref="fl-12"/>
      </object_component>
      <object_component id="oc-26">
         <name>.debug_info</name>
         <load_address>0xdf26</load_address>
         <run_address>0xdf26</run_address>
         <size>0xe6</size>
         <input_file_ref idref="fl-12"/>
      </object_component>
      <object_component id="oc-3b">
         <name>.debug_info</name>
         <load_address>0xe00c</load_address>
         <run_address>0xe00c</run_address>
         <size>0x478</size>
         <input_file_ref idref="fl-12"/>
      </object_component>
      <object_component id="oc-40">
         <name>.debug_info</name>
         <load_address>0xe484</load_address>
         <run_address>0xe484</run_address>
         <size>0x201</size>
         <input_file_ref idref="fl-12"/>
      </object_component>
      <object_component id="oc-16a">
         <name>.debug_info</name>
         <load_address>0xe685</load_address>
         <run_address>0xe685</run_address>
         <size>0x4f</size>
         <input_file_ref idref="fl-12"/>
      </object_component>
      <object_component id="oc-e6">
         <name>.debug_info</name>
         <load_address>0xe6d4</load_address>
         <run_address>0xe6d4</run_address>
         <size>0x3e1</size>
         <input_file_ref idref="fl-13"/>
      </object_component>
      <object_component id="oc-7a">
         <name>.debug_info</name>
         <load_address>0xeab5</load_address>
         <run_address>0xeab5</run_address>
         <size>0x7db</size>
         <input_file_ref idref="fl-13"/>
      </object_component>
      <object_component id="oc-1c6">
         <name>.debug_info</name>
         <load_address>0xf290</load_address>
         <run_address>0xf290</run_address>
         <size>0x353</size>
         <input_file_ref idref="fl-cd"/>
      </object_component>
      <object_component id="oc-f6">
         <name>.debug_info</name>
         <load_address>0xf5e3</load_address>
         <run_address>0xf5e3</run_address>
         <size>0x174</size>
         <input_file_ref idref="fl-cd"/>
      </object_component>
      <object_component id="oc-1ff">
         <name>.debug_info</name>
         <load_address>0xf757</load_address>
         <run_address>0xf757</run_address>
         <size>0x39</size>
         <input_file_ref idref="fl-cd"/>
      </object_component>
      <object_component id="oc-22e">
         <name>.debug_info</name>
         <load_address>0xf790</load_address>
         <run_address>0xf790</run_address>
         <size>0x39</size>
         <input_file_ref idref="fl-cd"/>
      </object_component>
      <object_component id="oc-204">
         <name>.debug_info</name>
         <load_address>0xf7c9</load_address>
         <run_address>0xf7c9</run_address>
         <size>0x39</size>
         <input_file_ref idref="fl-cd"/>
      </object_component>
      <object_component id="oc-209">
         <name>.debug_info</name>
         <load_address>0xf802</load_address>
         <run_address>0xf802</run_address>
         <size>0xcd</size>
         <input_file_ref idref="fl-cd"/>
      </object_component>
      <object_component id="oc-133">
         <name>.debug_info</name>
         <load_address>0xf8cf</load_address>
         <run_address>0xf8cf</run_address>
         <size>0xf0</size>
         <input_file_ref idref="fl-d2"/>
      </object_component>
      <object_component id="oc-260">
         <name>.debug_info</name>
         <load_address>0xf9bf</load_address>
         <run_address>0xf9bf</run_address>
         <size>0xa8</size>
      </object_component>
      <object_component id="oc-a8">
         <name>.debug_line</name>
         <load_address>0x0</load_address>
         <run_address>0x0</run_address>
         <size>0x78</size>
         <input_file_ref idref="fl-2"/>
      </object_component>
      <object_component id="oc-1f4">
         <name>.debug_line</name>
         <load_address>0x78</load_address>
         <run_address>0x78</run_address>
         <size>0x20</size>
         <input_file_ref idref="fl-3"/>
      </object_component>
      <object_component id="oc-6f">
         <name>.debug_line</name>
         <load_address>0x98</load_address>
         <run_address>0x98</run_address>
         <size>0x1fb</size>
         <input_file_ref idref="fl-3"/>
      </object_component>
      <object_component id="oc-4e">
         <name>.debug_line</name>
         <load_address>0x293</load_address>
         <run_address>0x293</run_address>
         <size>0x20</size>
         <input_file_ref idref="fl-3"/>
      </object_component>
      <object_component id="oc-dc">
         <name>.debug_line</name>
         <load_address>0x2b3</load_address>
         <run_address>0x2b3</run_address>
         <size>0x67</size>
         <input_file_ref idref="fl-3"/>
      </object_component>
      <object_component id="oc-1c4">
         <name>.debug_line</name>
         <load_address>0x31a</load_address>
         <run_address>0x31a</run_address>
         <size>0x54</size>
         <input_file_ref idref="fl-4"/>
      </object_component>
      <object_component id="oc-86">
         <name>.debug_line</name>
         <load_address>0x36e</load_address>
         <run_address>0x36e</run_address>
         <size>0x289</size>
         <input_file_ref idref="fl-4"/>
      </object_component>
      <object_component id="oc-24">
         <name>.debug_line</name>
         <load_address>0x5f7</load_address>
         <run_address>0x5f7</run_address>
         <size>0x6e</size>
         <input_file_ref idref="fl-4"/>
      </object_component>
      <object_component id="oc-14a">
         <name>.debug_line</name>
         <load_address>0x665</load_address>
         <run_address>0x665</run_address>
         <size>0x6f</size>
         <input_file_ref idref="fl-4"/>
      </object_component>
      <object_component id="oc-9e">
         <name>.debug_line</name>
         <load_address>0x6d4</load_address>
         <run_address>0x6d4</run_address>
         <size>0x5d</size>
         <input_file_ref idref="fl-4"/>
      </object_component>
      <object_component id="oc-b4">
         <name>.debug_line</name>
         <load_address>0x731</load_address>
         <run_address>0x731</run_address>
         <size>0x20</size>
         <input_file_ref idref="fl-4"/>
      </object_component>
      <object_component id="oc-af">
         <name>.debug_line</name>
         <load_address>0x751</load_address>
         <run_address>0x751</run_address>
         <size>0x58</size>
         <input_file_ref idref="fl-4"/>
      </object_component>
      <object_component id="oc-1f1">
         <name>.debug_line</name>
         <load_address>0x7a9</load_address>
         <run_address>0x7a9</run_address>
         <size>0x73</size>
         <input_file_ref idref="fl-4"/>
      </object_component>
      <object_component id="oc-143">
         <name>.debug_line</name>
         <load_address>0x81c</load_address>
         <run_address>0x81c</run_address>
         <size>0x70</size>
         <input_file_ref idref="fl-4"/>
      </object_component>
      <object_component id="oc-b9">
         <name>.debug_line</name>
         <load_address>0x88c</load_address>
         <run_address>0x88c</run_address>
         <size>0x5b</size>
         <input_file_ref idref="fl-4"/>
      </object_component>
      <object_component id="oc-14f">
         <name>.debug_line</name>
         <load_address>0x8e7</load_address>
         <run_address>0x8e7</run_address>
         <size>0x58</size>
         <input_file_ref idref="fl-4"/>
      </object_component>
      <object_component id="oc-f2">
         <name>.debug_line</name>
         <load_address>0x93f</load_address>
         <run_address>0x93f</run_address>
         <size>0x54</size>
         <input_file_ref idref="fl-4"/>
      </object_component>
      <object_component id="oc-168">
         <name>.debug_line</name>
         <load_address>0x993</load_address>
         <run_address>0x993</run_address>
         <size>0x58</size>
         <input_file_ref idref="fl-4"/>
      </object_component>
      <object_component id="oc-213">
         <name>.debug_line</name>
         <load_address>0x9eb</load_address>
         <run_address>0x9eb</run_address>
         <size>0x20</size>
         <input_file_ref idref="fl-5"/>
      </object_component>
      <object_component id="oc-130">
         <name>.debug_line</name>
         <load_address>0xa0b</load_address>
         <run_address>0xa0b</run_address>
         <size>0x17f</size>
         <input_file_ref idref="fl-5"/>
      </object_component>
      <object_component id="oc-159">
         <name>.debug_line</name>
         <load_address>0xb8a</load_address>
         <run_address>0xb8a</run_address>
         <size>0x58</size>
         <input_file_ref idref="fl-5"/>
      </object_component>
      <object_component id="oc-217">
         <name>.debug_line</name>
         <load_address>0xbe2</load_address>
         <run_address>0xbe2</run_address>
         <size>0x54</size>
         <input_file_ref idref="fl-5"/>
      </object_component>
      <object_component id="oc-1e8">
         <name>.debug_line</name>
         <load_address>0xc36</load_address>
         <run_address>0xc36</run_address>
         <size>0x20</size>
         <input_file_ref idref="fl-6"/>
      </object_component>
      <object_component id="oc-99">
         <name>.debug_line</name>
         <load_address>0xc56</load_address>
         <run_address>0xc56</run_address>
         <size>0xbc</size>
         <input_file_ref idref="fl-6"/>
      </object_component>
      <object_component id="oc-187">
         <name>.debug_line</name>
         <load_address>0xd12</load_address>
         <run_address>0xd12</run_address>
         <size>0x58</size>
         <input_file_ref idref="fl-6"/>
      </object_component>
      <object_component id="oc-18c">
         <name>.debug_line</name>
         <load_address>0xd6a</load_address>
         <run_address>0xd6a</run_address>
         <size>0x5b</size>
         <input_file_ref idref="fl-6"/>
      </object_component>
      <object_component id="oc-191">
         <name>.debug_line</name>
         <load_address>0xdc5</load_address>
         <run_address>0xdc5</run_address>
         <size>0x58</size>
         <input_file_ref idref="fl-6"/>
      </object_component>
      <object_component id="oc-1ec">
         <name>.debug_line</name>
         <load_address>0xe1d</load_address>
         <run_address>0xe1d</run_address>
         <size>0x58</size>
         <input_file_ref idref="fl-6"/>
      </object_component>
      <object_component id="oc-196">
         <name>.debug_line</name>
         <load_address>0xe75</load_address>
         <run_address>0xe75</run_address>
         <size>0x58</size>
         <input_file_ref idref="fl-6"/>
      </object_component>
      <object_component id="oc-1c1">
         <name>.debug_line</name>
         <load_address>0xecd</load_address>
         <run_address>0xecd</run_address>
         <size>0x5d</size>
         <input_file_ref idref="fl-6"/>
      </object_component>
      <object_component id="oc-1d8">
         <name>.debug_line</name>
         <load_address>0xf2a</load_address>
         <run_address>0xf2a</run_address>
         <size>0x54</size>
         <input_file_ref idref="fl-6"/>
      </object_component>
      <object_component id="oc-19b">
         <name>.debug_line</name>
         <load_address>0xf7e</load_address>
         <run_address>0xf7e</run_address>
         <size>0x58</size>
         <input_file_ref idref="fl-6"/>
      </object_component>
      <object_component id="oc-154">
         <name>.debug_line</name>
         <load_address>0xfd6</load_address>
         <run_address>0xfd6</run_address>
         <size>0x5a</size>
         <input_file_ref idref="fl-6"/>
      </object_component>
      <object_component id="oc-1b4">
         <name>.debug_line</name>
         <load_address>0x1030</load_address>
         <run_address>0x1030</run_address>
         <size>0x57</size>
         <input_file_ref idref="fl-6"/>
      </object_component>
      <object_component id="oc-1a0">
         <name>.debug_line</name>
         <load_address>0x1087</load_address>
         <run_address>0x1087</run_address>
         <size>0x58</size>
         <input_file_ref idref="fl-6"/>
      </object_component>
      <object_component id="oc-1aa">
         <name>.debug_line</name>
         <load_address>0x10df</load_address>
         <run_address>0x10df</run_address>
         <size>0x5a</size>
         <input_file_ref idref="fl-6"/>
      </object_component>
      <object_component id="oc-1b9">
         <name>.debug_line</name>
         <load_address>0x1139</load_address>
         <run_address>0x1139</run_address>
         <size>0x58</size>
         <input_file_ref idref="fl-6"/>
      </object_component>
      <object_component id="oc-15e">
         <name>.debug_line</name>
         <load_address>0x1191</load_address>
         <run_address>0x1191</run_address>
         <size>0x5b</size>
         <input_file_ref idref="fl-6"/>
      </object_component>
      <object_component id="oc-163">
         <name>.debug_line</name>
         <load_address>0x11ec</load_address>
         <run_address>0x11ec</run_address>
         <size>0x5a</size>
         <input_file_ref idref="fl-6"/>
      </object_component>
      <object_component id="oc-1f6">
         <name>.debug_line</name>
         <load_address>0x1246</load_address>
         <run_address>0x1246</run_address>
         <size>0x20</size>
         <input_file_ref idref="fl-7"/>
      </object_component>
      <object_component id="oc-e2">
         <name>.debug_line</name>
         <load_address>0x1266</load_address>
         <run_address>0x1266</run_address>
         <size>0x81</size>
         <input_file_ref idref="fl-7"/>
      </object_component>
      <object_component id="oc-1a5">
         <name>.debug_line</name>
         <load_address>0x12e7</load_address>
         <run_address>0x12e7</run_address>
         <size>0x5b</size>
         <input_file_ref idref="fl-7"/>
      </object_component>
      <object_component id="oc-1fa">
         <name>.debug_line</name>
         <load_address>0x1342</load_address>
         <run_address>0x1342</run_address>
         <size>0x57</size>
         <input_file_ref idref="fl-7"/>
      </object_component>
      <object_component id="oc-211">
         <name>.debug_line</name>
         <load_address>0x1399</load_address>
         <run_address>0x1399</run_address>
         <size>0x54</size>
         <input_file_ref idref="fl-8"/>
      </object_component>
      <object_component id="oc-12a">
         <name>.debug_line</name>
         <load_address>0x13ed</load_address>
         <run_address>0x13ed</run_address>
         <size>0x2f1</size>
         <input_file_ref idref="fl-8"/>
      </object_component>
      <object_component id="oc-2c">
         <name>.debug_line</name>
         <load_address>0x16de</load_address>
         <run_address>0x16de</run_address>
         <size>0x4c</size>
         <input_file_ref idref="fl-8"/>
      </object_component>
      <object_component id="oc-6c">
         <name>.debug_line</name>
         <load_address>0x172a</load_address>
         <run_address>0x172a</run_address>
         <size>0x2a5</size>
         <input_file_ref idref="fl-9"/>
      </object_component>
      <object_component id="oc-32">
         <name>.debug_line</name>
         <load_address>0x19cf</load_address>
         <run_address>0x19cf</run_address>
         <size>0x4f</size>
         <input_file_ref idref="fl-a"/>
      </object_component>
      <object_component id="oc-8d">
         <name>.debug_line</name>
         <load_address>0x1a1e</load_address>
         <run_address>0x1a1e</run_address>
         <size>0x7d</size>
         <input_file_ref idref="fl-b"/>
      </object_component>
      <object_component id="oc-228">
         <name>.debug_line</name>
         <load_address>0x1a9b</load_address>
         <run_address>0x1a9b</run_address>
         <size>0x20</size>
         <input_file_ref idref="fl-d"/>
      </object_component>
      <object_component id="oc-22c">
         <name>.debug_line</name>
         <load_address>0x1abb</load_address>
         <run_address>0x1abb</run_address>
         <size>0x58</size>
         <input_file_ref idref="fl-d"/>
      </object_component>
      <object_component id="oc-1af">
         <name>.debug_line</name>
         <load_address>0x1b13</load_address>
         <run_address>0x1b13</run_address>
         <size>0x58</size>
         <input_file_ref idref="fl-d"/>
      </object_component>
      <object_component id="oc-35">
         <name>.debug_line</name>
         <load_address>0x1b6b</load_address>
         <run_address>0x1b6b</run_address>
         <size>0x4b</size>
         <input_file_ref idref="fl-e"/>
      </object_component>
      <object_component id="oc-e8">
         <name>.debug_line</name>
         <load_address>0x1bb6</load_address>
         <run_address>0x1bb6</run_address>
         <size>0x125</size>
         <input_file_ref idref="fl-f"/>
      </object_component>
      <object_component id="oc-1bd">
         <name>.debug_line</name>
         <load_address>0x1cdb</load_address>
         <run_address>0x1cdb</run_address>
         <size>0xce</size>
         <input_file_ref idref="fl-10"/>
      </object_component>
      <object_component id="oc-83">
         <name>.debug_line</name>
         <load_address>0x1da9</load_address>
         <run_address>0x1da9</run_address>
         <size>0xed2</size>
         <input_file_ref idref="fl-10"/>
      </object_component>
      <object_component id="oc-1e">
         <name>.debug_line</name>
         <load_address>0x2c7b</load_address>
         <run_address>0x2c7b</run_address>
         <size>0xed</size>
         <input_file_ref idref="fl-11"/>
      </object_component>
      <object_component id="oc-78">
         <name>.debug_line</name>
         <load_address>0x2d68</load_address>
         <run_address>0x2d68</run_address>
         <size>0x50</size>
         <input_file_ref idref="fl-11"/>
      </object_component>
      <object_component id="oc-146">
         <name>.debug_line</name>
         <load_address>0x2db8</load_address>
         <run_address>0x2db8</run_address>
         <size>0x8c</size>
         <input_file_ref idref="fl-12"/>
      </object_component>
      <object_component id="oc-a1">
         <name>.debug_line</name>
         <load_address>0x2e44</load_address>
         <run_address>0x2e44</run_address>
         <size>0x37</size>
         <input_file_ref idref="fl-12"/>
      </object_component>
      <object_component id="oc-3e">
         <name>.debug_line</name>
         <load_address>0x2e7b</load_address>
         <run_address>0x2e7b</run_address>
         <size>0x197</size>
         <input_file_ref idref="fl-12"/>
      </object_component>
      <object_component id="oc-44">
         <name>.debug_line</name>
         <load_address>0x3012</load_address>
         <run_address>0x3012</run_address>
         <size>0xa6</size>
         <input_file_ref idref="fl-12"/>
      </object_component>
      <object_component id="oc-16d">
         <name>.debug_line</name>
         <load_address>0x30b8</load_address>
         <run_address>0x30b8</run_address>
         <size>0x37</size>
         <input_file_ref idref="fl-12"/>
      </object_component>
      <object_component id="oc-183">
         <name>.debug_line</name>
         <load_address>0x30ef</load_address>
         <run_address>0x30ef</run_address>
         <size>0xcd</size>
         <input_file_ref idref="fl-13"/>
      </object_component>
      <object_component id="oc-7d">
         <name>.debug_line</name>
         <load_address>0x31bc</load_address>
         <run_address>0x31bc</run_address>
         <size>0x249</size>
         <input_file_ref idref="fl-13"/>
      </object_component>
      <object_component id="oc-1fe">
         <name>.debug_line</name>
         <load_address>0x3405</load_address>
         <run_address>0x3405</run_address>
         <size>0x8e</size>
         <input_file_ref idref="fl-cd"/>
      </object_component>
      <object_component id="oc-f9">
         <name>.debug_line</name>
         <load_address>0x3493</load_address>
         <run_address>0x3493</run_address>
         <size>0x7b</size>
         <input_file_ref idref="fl-cd"/>
      </object_component>
      <object_component id="oc-202">
         <name>.debug_line</name>
         <load_address>0x350e</load_address>
         <run_address>0x350e</run_address>
         <size>0x2e</size>
         <input_file_ref idref="fl-cd"/>
      </object_component>
      <object_component id="oc-231">
         <name>.debug_line</name>
         <load_address>0x353c</load_address>
         <run_address>0x353c</run_address>
         <size>0x69</size>
         <input_file_ref idref="fl-cd"/>
      </object_component>
      <object_component id="oc-207">
         <name>.debug_line</name>
         <load_address>0x35a5</load_address>
         <run_address>0x35a5</run_address>
         <size>0x66</size>
         <input_file_ref idref="fl-cd"/>
      </object_component>
      <object_component id="oc-20c">
         <name>.debug_line</name>
         <load_address>0x360b</load_address>
         <run_address>0x360b</run_address>
         <size>0x62</size>
         <input_file_ref idref="fl-cd"/>
      </object_component>
      <object_component id="oc-136">
         <name>.debug_line</name>
         <load_address>0x366d</load_address>
         <run_address>0x366d</run_address>
         <size>0x3c</size>
         <input_file_ref idref="fl-d2"/>
      </object_component>
      <object_component id="oc-16f">
         <name>.debug_abbrev</name>
         <load_address>0x0</load_address>
         <run_address>0x0</run_address>
         <size>0x36</size>
         <input_file_ref idref="fl-2"/>
      </object_component>
      <object_component id="oc-1f3">
         <name>.debug_abbrev</name>
         <load_address>0x36</load_address>
         <run_address>0x36</run_address>
         <size>0x39</size>
         <input_file_ref idref="fl-3"/>
      </object_component>
      <object_component id="oc-d8">
         <name>.debug_abbrev</name>
         <load_address>0x6f</load_address>
         <run_address>0x6f</run_address>
         <size>0xd8</size>
         <input_file_ref idref="fl-3"/>
      </object_component>
      <object_component id="oc-4d">
         <name>.debug_abbrev</name>
         <load_address>0x147</load_address>
         <run_address>0x147</run_address>
         <size>0x1f</size>
         <input_file_ref idref="fl-3"/>
      </object_component>
      <object_component id="oc-db">
         <name>.debug_abbrev</name>
         <load_address>0x166</load_address>
         <run_address>0x166</run_address>
         <size>0xa3</size>
         <input_file_ref idref="fl-3"/>
      </object_component>
      <object_component id="oc-1c3">
         <name>.debug_abbrev</name>
         <load_address>0x209</load_address>
         <run_address>0x209</run_address>
         <size>0x6f</size>
         <input_file_ref idref="fl-4"/>
      </object_component>
      <object_component id="oc-ee">
         <name>.debug_abbrev</name>
         <load_address>0x278</load_address>
         <run_address>0x278</run_address>
         <size>0xc8</size>
         <input_file_ref idref="fl-4"/>
      </object_component>
      <object_component id="oc-9a">
         <name>.debug_abbrev</name>
         <load_address>0x340</load_address>
         <run_address>0x340</run_address>
         <size>0x6f</size>
         <input_file_ref idref="fl-4"/>
      </object_component>
      <object_component id="oc-149">
         <name>.debug_abbrev</name>
         <load_address>0x3af</load_address>
         <run_address>0x3af</run_address>
         <size>0x69</size>
         <input_file_ref idref="fl-4"/>
      </object_component>
      <object_component id="oc-9d">
         <name>.debug_abbrev</name>
         <load_address>0x418</load_address>
         <run_address>0x418</run_address>
         <size>0x5a</size>
         <input_file_ref idref="fl-4"/>
      </object_component>
      <object_component id="oc-b3">
         <name>.debug_abbrev</name>
         <load_address>0x472</load_address>
         <run_address>0x472</run_address>
         <size>0x1f</size>
         <input_file_ref idref="fl-4"/>
      </object_component>
      <object_component id="oc-ae">
         <name>.debug_abbrev</name>
         <load_address>0x491</load_address>
         <run_address>0x491</run_address>
         <size>0x7c</size>
         <input_file_ref idref="fl-4"/>
      </object_component>
      <object_component id="oc-1f0">
         <name>.debug_abbrev</name>
         <load_address>0x50d</load_address>
         <run_address>0x50d</run_address>
         <size>0x5c</size>
         <input_file_ref idref="fl-4"/>
      </object_component>
      <object_component id="oc-142">
         <name>.debug_abbrev</name>
         <load_address>0x569</load_address>
         <run_address>0x569</run_address>
         <size>0x24</size>
         <input_file_ref idref="fl-4"/>
      </object_component>
      <object_component id="oc-b8">
         <name>.debug_abbrev</name>
         <load_address>0x58d</load_address>
         <run_address>0x58d</run_address>
         <size>0x55</size>
         <input_file_ref idref="fl-4"/>
      </object_component>
      <object_component id="oc-14e">
         <name>.debug_abbrev</name>
         <load_address>0x5e2</load_address>
         <run_address>0x5e2</run_address>
         <size>0x4b</size>
         <input_file_ref idref="fl-4"/>
      </object_component>
      <object_component id="oc-f1">
         <name>.debug_abbrev</name>
         <load_address>0x62d</load_address>
         <run_address>0x62d</run_address>
         <size>0x6b</size>
         <input_file_ref idref="fl-4"/>
      </object_component>
      <object_component id="oc-167">
         <name>.debug_abbrev</name>
         <load_address>0x698</load_address>
         <run_address>0x698</run_address>
         <size>0x4b</size>
         <input_file_ref idref="fl-4"/>
      </object_component>
      <object_component id="oc-212">
         <name>.debug_abbrev</name>
         <load_address>0x6e3</load_address>
         <run_address>0x6e3</run_address>
         <size>0x52</size>
         <input_file_ref idref="fl-5"/>
      </object_component>
      <object_component id="oc-1db">
         <name>.debug_abbrev</name>
         <load_address>0x735</load_address>
         <run_address>0x735</run_address>
         <size>0xf7</size>
         <input_file_ref idref="fl-5"/>
      </object_component>
      <object_component id="oc-158">
         <name>.debug_abbrev</name>
         <load_address>0x82c</load_address>
         <run_address>0x82c</run_address>
         <size>0x4b</size>
         <input_file_ref idref="fl-5"/>
      </object_component>
      <object_component id="oc-216">
         <name>.debug_abbrev</name>
         <load_address>0x877</load_address>
         <run_address>0x877</run_address>
         <size>0x4b</size>
         <input_file_ref idref="fl-5"/>
      </object_component>
      <object_component id="oc-1e7">
         <name>.debug_abbrev</name>
         <load_address>0x8c2</load_address>
         <run_address>0x8c2</run_address>
         <size>0x5f</size>
         <input_file_ref idref="fl-6"/>
      </object_component>
      <object_component id="oc-13e">
         <name>.debug_abbrev</name>
         <load_address>0x921</load_address>
         <run_address>0x921</run_address>
         <size>0x6c</size>
         <input_file_ref idref="fl-6"/>
      </object_component>
      <object_component id="oc-186">
         <name>.debug_abbrev</name>
         <load_address>0x98d</load_address>
         <run_address>0x98d</run_address>
         <size>0x7c</size>
         <input_file_ref idref="fl-6"/>
      </object_component>
      <object_component id="oc-18b">
         <name>.debug_abbrev</name>
         <load_address>0xa09</load_address>
         <run_address>0xa09</run_address>
         <size>0x5a</size>
         <input_file_ref idref="fl-6"/>
      </object_component>
      <object_component id="oc-190">
         <name>.debug_abbrev</name>
         <load_address>0xa63</load_address>
         <run_address>0xa63</run_address>
         <size>0x7f</size>
         <input_file_ref idref="fl-6"/>
      </object_component>
      <object_component id="oc-1eb">
         <name>.debug_abbrev</name>
         <load_address>0xae2</load_address>
         <run_address>0xae2</run_address>
         <size>0x5a</size>
         <input_file_ref idref="fl-6"/>
      </object_component>
      <object_component id="oc-195">
         <name>.debug_abbrev</name>
         <load_address>0xb3c</load_address>
         <run_address>0xb3c</run_address>
         <size>0x4b</size>
         <input_file_ref idref="fl-6"/>
      </object_component>
      <object_component id="oc-1c0">
         <name>.debug_abbrev</name>
         <load_address>0xb87</load_address>
         <run_address>0xb87</run_address>
         <size>0xc1</size>
         <input_file_ref idref="fl-6"/>
      </object_component>
      <object_component id="oc-1d7">
         <name>.debug_abbrev</name>
         <load_address>0xc48</load_address>
         <run_address>0xc48</run_address>
         <size>0x89</size>
         <input_file_ref idref="fl-6"/>
      </object_component>
      <object_component id="oc-19a">
         <name>.debug_abbrev</name>
         <load_address>0xcd1</load_address>
         <run_address>0xcd1</run_address>
         <size>0x4b</size>
         <input_file_ref idref="fl-6"/>
      </object_component>
      <object_component id="oc-153">
         <name>.debug_abbrev</name>
         <load_address>0xd1c</load_address>
         <run_address>0xd1c</run_address>
         <size>0x4b</size>
         <input_file_ref idref="fl-6"/>
      </object_component>
      <object_component id="oc-1b3">
         <name>.debug_abbrev</name>
         <load_address>0xd67</load_address>
         <run_address>0xd67</run_address>
         <size>0xb2</size>
         <input_file_ref idref="fl-6"/>
      </object_component>
      <object_component id="oc-19f">
         <name>.debug_abbrev</name>
         <load_address>0xe19</load_address>
         <run_address>0xe19</run_address>
         <size>0x5c</size>
         <input_file_ref idref="fl-6"/>
      </object_component>
      <object_component id="oc-1a9">
         <name>.debug_abbrev</name>
         <load_address>0xe75</load_address>
         <run_address>0xe75</run_address>
         <size>0x4b</size>
         <input_file_ref idref="fl-6"/>
      </object_component>
      <object_component id="oc-1b8">
         <name>.debug_abbrev</name>
         <load_address>0xec0</load_address>
         <run_address>0xec0</run_address>
         <size>0x4b</size>
         <input_file_ref idref="fl-6"/>
      </object_component>
      <object_component id="oc-15d">
         <name>.debug_abbrev</name>
         <load_address>0xf0b</load_address>
         <run_address>0xf0b</run_address>
         <size>0x5c</size>
         <input_file_ref idref="fl-6"/>
      </object_component>
      <object_component id="oc-162">
         <name>.debug_abbrev</name>
         <load_address>0xf67</load_address>
         <run_address>0xf67</run_address>
         <size>0x4b</size>
         <input_file_ref idref="fl-6"/>
      </object_component>
      <object_component id="oc-1f5">
         <name>.debug_abbrev</name>
         <load_address>0xfb2</load_address>
         <run_address>0xfb2</run_address>
         <size>0x2e</size>
         <input_file_ref idref="fl-7"/>
      </object_component>
      <object_component id="oc-180">
         <name>.debug_abbrev</name>
         <load_address>0xfe0</load_address>
         <run_address>0xfe0</run_address>
         <size>0x6c</size>
         <input_file_ref idref="fl-7"/>
      </object_component>
      <object_component id="oc-1a4">
         <name>.debug_abbrev</name>
         <load_address>0x104c</load_address>
         <run_address>0x104c</run_address>
         <size>0x4b</size>
         <input_file_ref idref="fl-7"/>
      </object_component>
      <object_component id="oc-1f9">
         <name>.debug_abbrev</name>
         <load_address>0x1097</load_address>
         <run_address>0x1097</run_address>
         <size>0x4b</size>
         <input_file_ref idref="fl-7"/>
      </object_component>
      <object_component id="oc-210">
         <name>.debug_abbrev</name>
         <load_address>0x10e2</load_address>
         <run_address>0x10e2</run_address>
         <size>0x6f</size>
         <input_file_ref idref="fl-8"/>
      </object_component>
      <object_component id="oc-1d4">
         <name>.debug_abbrev</name>
         <load_address>0x1151</load_address>
         <run_address>0x1151</run_address>
         <size>0xf7</size>
         <input_file_ref idref="fl-8"/>
      </object_component>
      <object_component id="oc-a3">
         <name>.debug_abbrev</name>
         <load_address>0x1248</load_address>
         <run_address>0x1248</run_address>
         <size>0x61</size>
         <input_file_ref idref="fl-8"/>
      </object_component>
      <object_component id="oc-d7">
         <name>.debug_abbrev</name>
         <load_address>0x12a9</load_address>
         <run_address>0x12a9</run_address>
         <size>0x44</size>
         <input_file_ref idref="fl-9"/>
      </object_component>
      <object_component id="oc-a9">
         <name>.debug_abbrev</name>
         <load_address>0x12ed</load_address>
         <run_address>0x12ed</run_address>
         <size>0x38</size>
         <input_file_ref idref="fl-a"/>
      </object_component>
      <object_component id="oc-131">
         <name>.debug_abbrev</name>
         <load_address>0x1325</load_address>
         <run_address>0x1325</run_address>
         <size>0x85</size>
         <input_file_ref idref="fl-b"/>
      </object_component>
      <object_component id="oc-227">
         <name>.debug_abbrev</name>
         <load_address>0x13aa</load_address>
         <run_address>0x13aa</run_address>
         <size>0x42</size>
         <input_file_ref idref="fl-d"/>
      </object_component>
      <object_component id="oc-22b">
         <name>.debug_abbrev</name>
         <load_address>0x13ec</load_address>
         <run_address>0x13ec</run_address>
         <size>0x72</size>
         <input_file_ref idref="fl-d"/>
      </object_component>
      <object_component id="oc-1ae">
         <name>.debug_abbrev</name>
         <load_address>0x145e</load_address>
         <run_address>0x145e</run_address>
         <size>0x4b</size>
         <input_file_ref idref="fl-d"/>
      </object_component>
      <object_component id="oc-aa">
         <name>.debug_abbrev</name>
         <load_address>0x14a9</load_address>
         <run_address>0x14a9</run_address>
         <size>0x53</size>
         <input_file_ref idref="fl-e"/>
      </object_component>
      <object_component id="oc-1bb">
         <name>.debug_abbrev</name>
         <load_address>0x14fc</load_address>
         <run_address>0x14fc</run_address>
         <size>0x36</size>
         <input_file_ref idref="fl-f"/>
      </object_component>
      <object_component id="oc-1bc">
         <name>.debug_abbrev</name>
         <load_address>0x1532</load_address>
         <run_address>0x1532</run_address>
         <size>0xa6</size>
         <input_file_ref idref="fl-10"/>
      </object_component>
      <object_component id="oc-ec">
         <name>.debug_abbrev</name>
         <load_address>0x15d8</load_address>
         <run_address>0x15d8</run_address>
         <size>0x101</size>
         <input_file_ref idref="fl-10"/>
      </object_component>
      <object_component id="oc-93">
         <name>.debug_abbrev</name>
         <load_address>0x16d9</load_address>
         <run_address>0x16d9</run_address>
         <size>0x55</size>
         <input_file_ref idref="fl-11"/>
      </object_component>
      <object_component id="oc-de">
         <name>.debug_abbrev</name>
         <load_address>0x172e</load_address>
         <run_address>0x172e</run_address>
         <size>0x42</size>
         <input_file_ref idref="fl-11"/>
      </object_component>
      <object_component id="oc-145">
         <name>.debug_abbrev</name>
         <load_address>0x1770</load_address>
         <run_address>0x1770</run_address>
         <size>0xa4</size>
         <input_file_ref idref="fl-12"/>
      </object_component>
      <object_component id="oc-a0">
         <name>.debug_abbrev</name>
         <load_address>0x1814</load_address>
         <run_address>0x1814</run_address>
         <size>0x27</size>
         <input_file_ref idref="fl-12"/>
      </object_component>
      <object_component id="oc-ab">
         <name>.debug_abbrev</name>
         <load_address>0x183b</load_address>
         <run_address>0x183b</run_address>
         <size>0xa4</size>
         <input_file_ref idref="fl-12"/>
      </object_component>
      <object_component id="oc-bb">
         <name>.debug_abbrev</name>
         <load_address>0x18df</load_address>
         <run_address>0x18df</run_address>
         <size>0x6f</size>
         <input_file_ref idref="fl-12"/>
      </object_component>
      <object_component id="oc-16c">
         <name>.debug_abbrev</name>
         <load_address>0x194e</load_address>
         <run_address>0x194e</run_address>
         <size>0x4b</size>
         <input_file_ref idref="fl-12"/>
      </object_component>
      <object_component id="oc-182">
         <name>.debug_abbrev</name>
         <load_address>0x1999</load_address>
         <run_address>0x1999</run_address>
         <size>0xa6</size>
         <input_file_ref idref="fl-13"/>
      </object_component>
      <object_component id="oc-e5">
         <name>.debug_abbrev</name>
         <load_address>0x1a3f</load_address>
         <run_address>0x1a3f</run_address>
         <size>0xd4</size>
         <input_file_ref idref="fl-13"/>
      </object_component>
      <object_component id="oc-1fd">
         <name>.debug_abbrev</name>
         <load_address>0x1b13</load_address>
         <run_address>0x1b13</run_address>
         <size>0xc0</size>
         <input_file_ref idref="fl-cd"/>
      </object_component>
      <object_component id="oc-1c5">
         <name>.debug_abbrev</name>
         <load_address>0x1bd3</load_address>
         <run_address>0x1bd3</run_address>
         <size>0x7e</size>
         <input_file_ref idref="fl-cd"/>
      </object_component>
      <object_component id="oc-201">
         <name>.debug_abbrev</name>
         <load_address>0x1c51</load_address>
         <run_address>0x1c51</run_address>
         <size>0x24</size>
         <input_file_ref idref="fl-cd"/>
      </object_component>
      <object_component id="oc-230">
         <name>.debug_abbrev</name>
         <load_address>0x1c75</load_address>
         <run_address>0x1c75</run_address>
         <size>0x24</size>
         <input_file_ref idref="fl-cd"/>
      </object_component>
      <object_component id="oc-206">
         <name>.debug_abbrev</name>
         <load_address>0x1c99</load_address>
         <run_address>0x1c99</run_address>
         <size>0x24</size>
         <input_file_ref idref="fl-cd"/>
      </object_component>
      <object_component id="oc-20b">
         <name>.debug_abbrev</name>
         <load_address>0x1cbd</load_address>
         <run_address>0x1cbd</run_address>
         <size>0x4b</size>
         <input_file_ref idref="fl-cd"/>
      </object_component>
      <object_component id="oc-1dd">
         <name>.debug_abbrev</name>
         <load_address>0x1d08</load_address>
         <run_address>0x1d08</run_address>
         <size>0x45</size>
         <input_file_ref idref="fl-d2"/>
      </object_component>
      <object_component id="oc-261">
         <name>.debug_abbrev</name>
         <load_address>0x1d4d</load_address>
         <run_address>0x1d4d</run_address>
         <size>0xf</size>
      </object_component>
      <object_component id="oc-a7">
         <name>.debug_aranges</name>
         <load_address>0x0</load_address>
         <run_address>0x0</run_address>
         <size>0x20</size>
         <input_file_ref idref="fl-2"/>
      </object_component>
      <object_component id="oc-70">
         <name>.debug_aranges</name>
         <load_address>0x20</load_address>
         <run_address>0x20</run_address>
         <size>0x40</size>
         <input_file_ref idref="fl-3"/>
      </object_component>
      <object_component id="oc-88">
         <name>.debug_aranges</name>
         <load_address>0x60</load_address>
         <run_address>0x60</run_address>
         <size>0xa0</size>
         <input_file_ref idref="fl-4"/>
      </object_component>
      <object_component id="oc-23">
         <name>.debug_aranges</name>
         <load_address>0x100</load_address>
         <run_address>0x100</run_address>
         <size>0x20</size>
         <input_file_ref idref="fl-4"/>
      </object_component>
      <object_component id="oc-12e">
         <name>.debug_aranges</name>
         <load_address>0x120</load_address>
         <run_address>0x120</run_address>
         <size>0x68</size>
         <input_file_ref idref="fl-5"/>
      </object_component>
      <object_component id="oc-96">
         <name>.debug_aranges</name>
         <load_address>0x188</load_address>
         <run_address>0x188</run_address>
         <size>0x48</size>
         <input_file_ref idref="fl-6"/>
      </object_component>
      <object_component id="oc-e0">
         <name>.debug_aranges</name>
         <load_address>0x1d0</load_address>
         <run_address>0x1d0</run_address>
         <size>0x28</size>
         <input_file_ref idref="fl-7"/>
      </object_component>
      <object_component id="oc-128">
         <name>.debug_aranges</name>
         <load_address>0x1f8</load_address>
         <run_address>0x1f8</run_address>
         <size>0xc0</size>
         <input_file_ref idref="fl-8"/>
      </object_component>
      <object_component id="oc-2a">
         <name>.debug_aranges</name>
         <load_address>0x2b8</load_address>
         <run_address>0x2b8</run_address>
         <size>0x20</size>
         <input_file_ref idref="fl-8"/>
      </object_component>
      <object_component id="oc-6b">
         <name>.debug_aranges</name>
         <load_address>0x2d8</load_address>
         <run_address>0x2d8</run_address>
         <size>0x100</size>
         <input_file_ref idref="fl-9"/>
      </object_component>
      <object_component id="oc-31">
         <name>.debug_aranges</name>
         <load_address>0x3d8</load_address>
         <run_address>0x3d8</run_address>
         <size>0x20</size>
         <input_file_ref idref="fl-a"/>
      </object_component>
      <object_component id="oc-90">
         <name>.debug_aranges</name>
         <load_address>0x3f8</load_address>
         <run_address>0x3f8</run_address>
         <size>0x28</size>
         <input_file_ref idref="fl-b"/>
      </object_component>
      <object_component id="oc-36">
         <name>.debug_aranges</name>
         <load_address>0x420</load_address>
         <run_address>0x420</run_address>
         <size>0x20</size>
         <input_file_ref idref="fl-e"/>
      </object_component>
      <object_component id="oc-e9">
         <name>.debug_aranges</name>
         <load_address>0x440</load_address>
         <run_address>0x440</run_address>
         <size>0x78</size>
         <input_file_ref idref="fl-f"/>
      </object_component>
      <object_component id="oc-81">
         <name>.debug_aranges</name>
         <load_address>0x4b8</load_address>
         <run_address>0x4b8</run_address>
         <size>0x180</size>
         <input_file_ref idref="fl-10"/>
      </object_component>
      <object_component id="oc-1b">
         <name>.debug_aranges</name>
         <load_address>0x638</load_address>
         <run_address>0x638</run_address>
         <size>0x20</size>
         <input_file_ref idref="fl-11"/>
      </object_component>
      <object_component id="oc-76">
         <name>.debug_aranges</name>
         <load_address>0x658</load_address>
         <run_address>0x658</run_address>
         <size>0x20</size>
         <input_file_ref idref="fl-11"/>
      </object_component>
      <object_component id="oc-3c">
         <name>.debug_aranges</name>
         <load_address>0x678</load_address>
         <run_address>0x678</run_address>
         <size>0x40</size>
         <input_file_ref idref="fl-12"/>
      </object_component>
      <object_component id="oc-41">
         <name>.debug_aranges</name>
         <load_address>0x6b8</load_address>
         <run_address>0x6b8</run_address>
         <size>0x20</size>
         <input_file_ref idref="fl-12"/>
      </object_component>
      <object_component id="oc-7b">
         <name>.debug_aranges</name>
         <load_address>0x6d8</load_address>
         <run_address>0x6d8</run_address>
         <size>0x70</size>
         <input_file_ref idref="fl-13"/>
      </object_component>
      <object_component id="oc-f8">
         <name>.debug_aranges</name>
         <load_address>0x748</load_address>
         <run_address>0x748</run_address>
         <size>0x20</size>
         <input_file_ref idref="fl-cd"/>
      </object_component>
      <object_component id="oc-135">
         <name>.debug_aranges</name>
         <load_address>0x768</load_address>
         <run_address>0x768</run_address>
         <size>0x20</size>
         <input_file_ref idref="fl-d2"/>
      </object_component>
      <object_component id="oc-a6">
         <name>.debug_pubnames</name>
         <load_address>0x0</load_address>
         <run_address>0x0</run_address>
         <size>0x34</size>
         <input_file_ref idref="fl-2"/>
      </object_component>
      <object_component id="oc-72">
         <name>.debug_pubnames</name>
         <load_address>0x34</load_address>
         <run_address>0x34</run_address>
         <size>0x90</size>
         <input_file_ref idref="fl-3"/>
      </object_component>
      <object_component id="oc-89">
         <name>.debug_pubnames</name>
         <load_address>0xc4</load_address>
         <run_address>0xc4</run_address>
         <size>0x188</size>
         <input_file_ref idref="fl-4"/>
      </object_component>
      <object_component id="oc-22">
         <name>.debug_pubnames</name>
         <load_address>0x24c</load_address>
         <run_address>0x24c</run_address>
         <size>0x27</size>
         <input_file_ref idref="fl-4"/>
      </object_component>
      <object_component id="oc-12d">
         <name>.debug_pubnames</name>
         <load_address>0x273</load_address>
         <run_address>0x273</run_address>
         <size>0xc8</size>
         <input_file_ref idref="fl-5"/>
      </object_component>
      <object_component id="oc-97">
         <name>.debug_pubnames</name>
         <load_address>0x33b</load_address>
         <run_address>0x33b</run_address>
         <size>0xb6</size>
         <input_file_ref idref="fl-6"/>
      </object_component>
      <object_component id="oc-e4">
         <name>.debug_pubnames</name>
         <load_address>0x3f1</load_address>
         <run_address>0x3f1</run_address>
         <size>0x37</size>
         <input_file_ref idref="fl-7"/>
      </object_component>
      <object_component id="oc-127">
         <name>.debug_pubnames</name>
         <load_address>0x428</load_address>
         <run_address>0x428</run_address>
         <size>0x1b7</size>
         <input_file_ref idref="fl-8"/>
      </object_component>
      <object_component id="oc-2b">
         <name>.debug_pubnames</name>
         <load_address>0x5df</load_address>
         <run_address>0x5df</run_address>
         <size>0x2b</size>
         <input_file_ref idref="fl-8"/>
      </object_component>
      <object_component id="oc-6a">
         <name>.debug_pubnames</name>
         <load_address>0x60a</load_address>
         <run_address>0x60a</run_address>
         <size>0x442</size>
         <input_file_ref idref="fl-9"/>
      </object_component>
      <object_component id="oc-30">
         <name>.debug_pubnames</name>
         <load_address>0xa4c</load_address>
         <run_address>0xa4c</run_address>
         <size>0x38</size>
         <input_file_ref idref="fl-a"/>
      </object_component>
      <object_component id="oc-8f">
         <name>.debug_pubnames</name>
         <load_address>0xa84</load_address>
         <run_address>0xa84</run_address>
         <size>0x2f</size>
         <input_file_ref idref="fl-b"/>
      </object_component>
      <object_component id="oc-38">
         <name>.debug_pubnames</name>
         <load_address>0xab3</load_address>
         <run_address>0xab3</run_address>
         <size>0x27</size>
         <input_file_ref idref="fl-e"/>
      </object_component>
      <object_component id="oc-eb">
         <name>.debug_pubnames</name>
         <load_address>0xada</load_address>
         <run_address>0xada</run_address>
         <size>0x1be</size>
         <input_file_ref idref="fl-f"/>
      </object_component>
      <object_component id="oc-82">
         <name>.debug_pubnames</name>
         <load_address>0xc98</load_address>
         <run_address>0xc98</run_address>
         <size>0x37f</size>
         <input_file_ref idref="fl-10"/>
      </object_component>
      <object_component id="oc-1c">
         <name>.debug_pubnames</name>
         <load_address>0x1017</load_address>
         <run_address>0x1017</run_address>
         <size>0x1f</size>
         <input_file_ref idref="fl-11"/>
      </object_component>
      <object_component id="oc-75">
         <name>.debug_pubnames</name>
         <load_address>0x1036</load_address>
         <run_address>0x1036</run_address>
         <size>0x28</size>
         <input_file_ref idref="fl-11"/>
      </object_component>
      <object_component id="oc-27">
         <name>.debug_pubnames</name>
         <load_address>0x105e</load_address>
         <run_address>0x105e</run_address>
         <size>0x21</size>
         <input_file_ref idref="fl-12"/>
      </object_component>
      <object_component id="oc-3d">
         <name>.debug_pubnames</name>
         <load_address>0x107f</load_address>
         <run_address>0x107f</run_address>
         <size>0x75</size>
         <input_file_ref idref="fl-12"/>
      </object_component>
      <object_component id="oc-42">
         <name>.debug_pubnames</name>
         <load_address>0x10f4</load_address>
         <run_address>0x10f4</run_address>
         <size>0x2c</size>
         <input_file_ref idref="fl-12"/>
      </object_component>
      <object_component id="oc-7c">
         <name>.debug_pubnames</name>
         <load_address>0x1120</load_address>
         <run_address>0x1120</run_address>
         <size>0xd7</size>
         <input_file_ref idref="fl-13"/>
      </object_component>
      <object_component id="oc-f7">
         <name>.debug_pubnames</name>
         <load_address>0x11f7</load_address>
         <run_address>0x11f7</run_address>
         <size>0x35</size>
         <input_file_ref idref="fl-cd"/>
      </object_component>
      <object_component id="oc-134">
         <name>.debug_pubnames</name>
         <load_address>0x122c</load_address>
         <run_address>0x122c</run_address>
         <size>0x1c</size>
         <input_file_ref idref="fl-d2"/>
      </object_component>
      <object_component id="oc-6e">
         <name>.debug_frame</name>
         <load_address>0x0</load_address>
         <run_address>0x0</run_address>
         <size>0xb0</size>
         <input_file_ref idref="fl-3"/>
      </object_component>
      <object_component id="oc-8a">
         <name>.debug_frame</name>
         <load_address>0xb0</load_address>
         <run_address>0xb0</run_address>
         <size>0x1ac</size>
         <input_file_ref idref="fl-4"/>
      </object_component>
      <object_component id="oc-20">
         <name>.debug_frame</name>
         <load_address>0x25c</load_address>
         <run_address>0x25c</run_address>
         <size>0x48</size>
         <input_file_ref idref="fl-4"/>
      </object_component>
      <object_component id="oc-12f">
         <name>.debug_frame</name>
         <load_address>0x2a4</load_address>
         <run_address>0x2a4</run_address>
         <size>0x10c</size>
         <input_file_ref idref="fl-5"/>
      </object_component>
      <object_component id="oc-98">
         <name>.debug_frame</name>
         <load_address>0x3b0</load_address>
         <run_address>0x3b0</run_address>
         <size>0xb0</size>
         <input_file_ref idref="fl-6"/>
      </object_component>
      <object_component id="oc-e1">
         <name>.debug_frame</name>
         <load_address>0x460</load_address>
         <run_address>0x460</run_address>
         <size>0x4c</size>
         <input_file_ref idref="fl-7"/>
      </object_component>
      <object_component id="oc-129">
         <name>.debug_frame</name>
         <load_address>0x4ac</load_address>
         <run_address>0x4ac</run_address>
         <size>0x200</size>
         <input_file_ref idref="fl-8"/>
      </object_component>
      <object_component id="oc-2d">
         <name>.debug_frame</name>
         <load_address>0x6ac</load_address>
[...]
      <symbol id="sm-246">
         <name>rtiStartCounter</name>
         <value>0x3f94</value>
         <object_component_ref idref="oc-125"/>
      </symbol>
      <symbol id="sm-247">
         <name>dwdClearFlag</name>
         <value>0x4274</value>
         <object_component_ref idref="oc-125"/>
      </symbol>
      <symbol id="sm-248">
         <name>rtiGetPeriod</name>
         <value>0x4078</value>
         <object_component_ref idref="oc-125"/>
      </symbol>
      <symbol id="sm-249">
         <name>rtiGetConfigValue</name>
         <value>0x4350</value>
         <object_component_ref idref="oc-125"/>
      </symbol>
      <symbol id="sm-24a">
         <name>rtiResetCounter</name>
         <value>0x3fec</value>
         <object_component_ref idref="oc-125"/>
      </symbol>
      <symbol id="sm-26f">
         <name>_disable_IRQ_interrupt_</name>
         <value>0x5024</value>
         <object_component_ref idref="oc-68"/>
      </symbol>
      <symbol id="sm-270">
         <name>_disable_interrupt_</name>
         <value>0x5014</value>
         <object_component_ref idref="oc-68"/>
      </symbol>
      <symbol id="sm-271">
         <name>_coreGetInstructionFaultAddress_</name>
         <value>0x4fd8</value>
         <object_component_ref idref="oc-68"/>
      </symbol>
      <symbol id="sm-272">
         <name>_coreGetDataFault_</name>
         <value>0x4f9c</value>
         <object_component_ref idref="oc-68"/>
      </symbol>
      <symbol id="sm-273">
         <name>_coreDisableEventBusExport_</name>
         <value>0x4f38</value>
         <object_component_ref idref="oc-68"/>
      </symbol>
      <symbol id="sm-274">
         <name>_coreClearDataFaultAddress_</name>
         <value>0x4fcc</value>
         <object_component_ref idref="oc-68"/>
      </symbol>
      <symbol id="sm-275">
         <name>_coreDisableFlashEcc_</name>
         <value>0x4f7c</value>
         <object_component_ref idref="oc-68"/>
      </symbol>
      <symbol id="sm-276">
         <name>__TI_PINIT_Base</name>
         <value>0x50cc</value>
         <object_component_ref idref="oc-68"/>
      </symbol>
      <symbol id="sm-277">
         <name>_coreInitRegisters_</name>
         <value>0x4e04</value>
         <object_component_ref idref="oc-68"/>
      </symbol>
      <symbol id="sm-278">
         <name>_coreClearInstructionFaultAddress_</name>
         <value>0x4fe0</value>
         <object_component_ref idref="oc-68"/>
      </symbol>
      <symbol id="sm-279">
         <name>_errata_CORTEXR4_66_</name>
         <value>0x50bc</value>
         <object_component_ref idref="oc-68"/>
      </symbol>
      <symbol id="sm-27a">
         <name>_coreEnableRamEcc_</name>
         <value>0x4f48</value>
         <object_component_ref idref="oc-68"/>
      </symbol>
      <symbol id="sm-27b">
         <name>_coreClearDataFault_</name>
         <value>0x4fa4</value>
         <object_component_ref idref="oc-68"/>
      </symbol>
      <symbol id="sm-27c">
         <name>_coreGetAuxiliaryDataFault_</name>
         <value>0x4fec</value>
         <object_component_ref idref="oc-68"/>
      </symbol>
      <symbol id="sm-27d">
         <name>_enable_interrupt_</name>
         <value>0x502c</value>
         <object_component_ref idref="oc-68"/>
      </symbol>
      <symbol id="sm-27e">
         <name>_coreClearAuxiliaryInstructionFault_</name>
         <value>0x5008</value>
         <object_component_ref idref="oc-68"/>
      </symbol>
      <symbol id="sm-27f">
         <name>_coreDisableRamEcc_</name>
         <value>0x4f58</value>
         <object_component_ref idref="oc-68"/>
      </symbol>
      <symbol id="sm-280">
         <name>_coreGetDataFaultAddress_</name>
         <value>0x4fc4</value>
         <object_component_ref idref="oc-68"/>
      </symbol>
      <symbol id="sm-281">
         <name>_coreClearInstructionFault_</name>
         <value>0x4fb8</value>
         <object_component_ref idref="oc-68"/>
      </symbol>
      <symbol id="sm-282">
         <name>_getCPSRValue_</name>
         <value>0x4f08</value>
         <object_component_ref idref="oc-68"/>
      </symbol>
      <symbol id="sm-283">
         <name>__TI_PINIT_Limit</name>
         <value>0x50d0</value>
         <object_component_ref idref="oc-68"/>
      </symbol>
      <symbol id="sm-284">
         <name>_coreEnableFlashEcc_</name>
         <value>0x4f68</value>
         <object_component_ref idref="oc-68"/>
      </symbol>
      <symbol id="sm-285">
         <name>_disable_FIQ_interrupt_</name>
         <value>0x501c</value>
         <object_component_ref idref="oc-68"/>
      </symbol>
      <symbol id="sm-286">
         <name>_coreGetAuxiliaryInstructionFault_</name>
         <value>0x5000</value>
         <object_component_ref idref="oc-68"/>
      </symbol>
      <symbol id="sm-287">
         <name>_coreInitStackPointer_</name>
         <value>0x4ebc</value>
         <object_component_ref idref="oc-68"/>
      </symbol>
      <symbol id="sm-288">
         <name>_esmCcmErrorsClear_</name>
         <value>0x5034</value>
         <object_component_ref idref="oc-68"/>
      </symbol>
      <symbol id="sm-289">
         <name>_gotoCPUIdle_</name>
         <value>0x4f10</value>
         <object_component_ref idref="oc-68"/>
      </symbol>
      <symbol id="sm-28a">
         <name>_coreEnableIrqVicOffset_</name>
         <value>0x4f8c</value>
         <object_component_ref idref="oc-68"/>
      </symbol>
      <symbol id="sm-28b">
         <name>_coreGetInstructionFault_</name>
         <value>0x4fb0</value>
         <object_component_ref idref="oc-68"/>
      </symbol>
      <symbol id="sm-28c">
         <name>_coreClearAuxiliaryDataFault_</name>
         <value>0x4ff4</value>
         <object_component_ref idref="oc-68"/>
      </symbol>
      <symbol id="sm-28d">
         <name>_coreEnableEventBusExport_</name>
         <value>0x4f28</value>
         <object_component_ref idref="oc-68"/>
      </symbol>
      <symbol id="sm-299">
         <name>resetEntry</name>
         <value>0x0</value>
         <object_component_ref idref="oc-2e"/>
      </symbol>
      <symbol id="sm-2aa">
         <name>rtiNotification</name>
         <value>0x5998</value>
         <object_component_ref idref="oc-8c"/>
      </symbol>
      <symbol id="sm-2ab">
         <name>main</name>
         <value>0x595c</value>
         <object_component_ref idref="oc-8c"/>
      </symbol>
      <symbol id="sm-2c4">
         <name>phantomInterrupt</name>
         <value>0x5b00</value>
         <object_component_ref idref="oc-33"/>
      </symbol>
      <symbol id="sm-2cd">
         <name>_pmuResetCounters_</name>
         <value>0x5908</value>
         <object_component_ref idref="oc-e7"/>
      </symbol>
      <symbol id="sm-2ce">
         <name>_pmuGetEventCount_</name>
         <value>0x593c</value>
         <object_component_ref idref="oc-e7"/>
      </symbol>
      <symbol id="sm-2cf">
         <name>_pmuResetEventCounters_</name>
         <value>0x58f8</value>
         <object_component_ref idref="oc-e7"/>
      </symbol>
      <symbol id="sm-2d0">
         <name>_pmuStopCounters_</name>
         <value>0x5920</value>
         <object_component_ref idref="oc-e7"/>
      </symbol>
      <symbol id="sm-2d1">
         <name>_pmuInit_</name>
         <value>0x587c</value>
         <object_component_ref idref="oc-e7"/>
      </symbol>
      <symbol id="sm-2d2">
         <name>_pmuGetOverflow_</name>
         <value>0x5948</value>
         <object_component_ref idref="oc-e7"/>
      </symbol>
      <symbol id="sm-2d3">
         <name>_pmuResetCycleCounter_</name>
         <value>0x58e8</value>
         <object_component_ref idref="oc-e7"/>
      </symbol>
      <symbol id="sm-2d4">
         <name>_pmuSetCountEvent_</name>
         <value>0x5928</value>
         <object_component_ref idref="oc-e7"/>
      </symbol>
      <symbol id="sm-2d5">
         <name>_pmuGetCycleCount_</name>
         <value>0x5934</value>
         <object_component_ref idref="oc-e7"/>
      </symbol>
      <symbol id="sm-2d6">
         <name>_pmuEnableCountersGlobal_</name>
         <value>0x58c8</value>
         <object_component_ref idref="oc-e7"/>
      </symbol>
      <symbol id="sm-2d7">
         <name>_pmuDisableCountersGlobal_</name>
         <value>0x58d8</value>
         <object_component_ref idref="oc-e7"/>
      </symbol>
      <symbol id="sm-2d8">
         <name>_pmuStartCounters_</name>
         <value>0x5918</value>
         <object_component_ref idref="oc-e7"/>
      </symbol>
      <symbol id="sm-43c">
         <name>pbistSelfCheck</name>
         <value>0x2cc</value>
         <object_component_ref idref="oc-7f"/>
      </symbol>
      <symbol id="sm-43d">
         <name>fmcBus1ParityCheck</name>
         <value>0x1c00</value>
         <object_component_ref idref="oc-7f"/>
      </symbol>
      <symbol id="sm-43e">
         <name>can1ParityCheck</name>
         <value>0x10bc</value>
         <object_component_ref idref="oc-7f"/>
      </symbol>
      <symbol id="sm-43f">
         <name>enableParity</name>
         <value>0x23d0</value>
         <object_component_ref idref="oc-7f"/>
      </symbol>
      <symbol id="sm-440">
         <name>custom_dabort</name>
         <value>0xdf4</value>
         <object_component_ref idref="oc-7f"/>
      </symbol>
      <symbol id="sm-441">
         <name>memoryInit</name>
         <value>0x174</value>
         <object_component_ref idref="oc-7f"/>
      </symbol>
      <symbol id="sm-442">
         <name>stcSelfCheck</name>
         <value>0x1b8</value>
         <object_component_ref idref="oc-7f"/>
      </symbol>
      <symbol id="sm-443">
         <name>efcGetConfigValue</name>
         <value>0x1f98</value>
         <object_component_ref idref="oc-7f"/>
      </symbol>
      <symbol id="sm-444">
         <name>can2ParityCheck</name>
         <value>0x1198</value>
         <object_component_ref idref="oc-7f"/>
      </symbol>
      <symbol id="sm-445">
         <name>het1ParityCheck</name>
         <value>0xeac</value>
         <object_component_ref idref="oc-7f"/>
      </symbol>
      <symbol id="sm-446">
         <name>adc1ParityCheck</name>
         <value>0x1004</value>
         <object_component_ref idref="oc-7f"/>
      </symbol>
      <symbol id="sm-447">
         <name>checkefcSelfTest</name>
         <value>0x7bc</value>
         <object_component_ref idref="oc-7f"/>
      </symbol>
      <symbol id="sm-448">
         <name>checkRAMECC</name>
         <value>0x13bc</value>
         <object_component_ref idref="oc-7f"/>
      </symbol>
      <symbol id="sm-449">
         <name>stcSelfCheckFail</name>
         <value>0xdf8</value>
         <object_component_ref idref="oc-7f"/>
      </symbol>
      <symbol id="sm-44a">
         <name>ccmSelfCheck</name>
         <value>0x30</value>
         <object_component_ref idref="oc-7f"/>
      </symbol>
      <symbol id="sm-44b">
         <name>efcCheck</name>
         <value>0x660</value>
         <object_component_ref idref="oc-7f"/>
      </symbol>
      <symbol id="sm-44c">
         <name>cpuSelfTest</name>
         <value>0x234</value>
         <object_component_ref idref="oc-7f"/>
      </symbol>
      <symbol id="sm-44d">
         <name>htu1ParityCheck</name>
         <value>0xf4c</value>
         <object_component_ref idref="oc-7f"/>
      </symbol>
      <symbol id="sm-44e">
         <name>checkFlashECC</name>
         <value>0xd18</value>
         <object_component_ref idref="oc-7f"/>
      </symbol>
      <symbol id="sm-44f">
         <name>cpuSelfTestFail</name>
         <value>0xdfc</value>
         <object_component_ref idref="oc-7f"/>
      </symbol>
      <symbol id="sm-450">
         <name>checkPLL1Slip</name>
         <value>0x1880</value>
         <object_component_ref idref="oc-7f"/>
      </symbol>
      <symbol id="sm-451">
         <name>mibspi1ParityCheck</name>
         <value>0x1260</value>
         <object_component_ref idref="oc-7f"/>
      </symbol>
      <symbol id="sm-452">
         <name>ccmr4GetConfigValue</name>
         <value>0x2034</value>
         <object_component_ref idref="oc-7f"/>
      </symbol>
      <symbol id="sm-453">
         <name>pbistPortTestStatus</name>
         <value>0x608</value>
         <object_component_ref idref="oc-7f"/>
      </symbol>
      <symbol id="sm-454">
         <name>checkFlashEEPROMECC</name>
         <value>0x16d8</value>
         <object_component_ref idref="oc-7f"/>
      </symbol>
      <symbol id="sm-455">
         <name>pbistGetConfigValue</name>
         <value>0x1db0</value>
         <object_component_ref idref="oc-7f"/>
      </symbol>
      <symbol id="sm-456">
         <name>vimParityCheck</name>
         <value>0xe00</value>
         <object_component_ref idref="oc-7f"/>
      </symbol>
      <symbol id="sm-457">
         <name>pbistIsTestCompleted</name>
         <value>0x5a8</value>
         <object_component_ref idref="oc-7f"/>
      </symbol>
      <symbol id="sm-458">
         <name>disableParity</name>
         <value>0x2424</value>
         <object_component_ref idref="oc-7f"/>
      </symbol>
      <symbol id="sm-459">
         <name>pbistRun</name>
         <value>0x4ac</value>
         <object_component_ref idref="oc-7f"/>
      </symbol>
      <symbol id="sm-45a">
         <name>pbistFail</name>
         <value>0x1d2c</value>
         <object_component_ref idref="oc-7f"/>
      </symbol>
      <symbol id="sm-45b">
         <name>selftestFailNotification</name>
         <value>0x20</value>
         <object_component_ref idref="oc-7f"/>
      </symbol>
      <symbol id="sm-45c">
         <name>errata_PBIST_4</name>
         <value>0x20b0</value>
         <object_component_ref idref="oc-7f"/>
      </symbol>
      <symbol id="sm-45d">
         <name>efcSelfTest</name>
         <value>0x794</value>
         <object_component_ref idref="oc-7f"/>
      </symbol>
      <symbol id="sm-45e">
         <name>checkB1RAMECC</name>
         <value>0xb28</value>
         <object_component_ref idref="oc-7f"/>
      </symbol>
      <symbol id="sm-45f">
         <name>pbistStop</name>
         <value>0x578</value>
         <object_component_ref idref="oc-7f"/>
      </symbol>
      <symbol id="sm-460">
         <name>checkRAMAddrParity</name>
         <value>0x199c</value>
         <object_component_ref idref="oc-7f"/>
      </symbol>
      <symbol id="sm-461">
         <name>checkB0RAMECC</name>
         <value>0x938</value>
         <object_component_ref idref="oc-7f"/>
      </symbol>
      <symbol id="sm-462">
         <name>stcGetConfigValue</name>
         <value>0x1ef8</value>
         <object_component_ref idref="oc-7f"/>
      </symbol>
      <symbol id="sm-463">
         <name>pbistIsTestPassed</name>
         <value>0x5d4</value>
         <object_component_ref idref="oc-7f"/>
      </symbol>
      <symbol id="sm-464">
         <name>checkClockMonitor</name>
         <value>0x1604</value>
         <object_component_ref idref="oc-7f"/>
      </symbol>
      <symbol id="sm-465">
         <name>fmcECCcheck</name>
         <value>0x898</value>
         <object_component_ref idref="oc-7f"/>
      </symbol>
      <symbol id="sm-466">
         <name>fmcBus2Check</name>
         <value>0x85c</value>
         <object_component_ref idref="oc-7f"/>
      </symbol>
      <symbol id="sm-467">
         <name>checkRAMUERRTest</name>
         <value>0x1aa4</value>
         <object_component_ref idref="oc-7f"/>
      </symbol>
      <symbol id="sm-468">
         <name>efcStuckZeroTest</name>
         <value>0x6e8</value>
         <object_component_ref idref="oc-7f"/>
      </symbol>
      <symbol id="sm-491">
         <name>_c_int00</name>
         <value>0x533c</value>
         <object_component_ref idref="oc-19"/>
      </symbol>
      <symbol id="sm-492">
         <name>handlePLLLockFail</name>
         <value>0x5b04</value>
         <object_component_ref idref="oc-73"/>
      </symbol>
      <symbol id="sm-529">
         <name>vimChannelMap</name>
         <value>0x3084</value>
         <object_component_ref idref="oc-3a"/>
      </symbol>
      <symbol id="sm-52a">
         <name>vimInit</name>
         <value>0x2fb0</value>
         <object_component_ref idref="oc-3a"/>
      </symbol>
      <symbol id="sm-52b">
         <name>vimEnableInterrupt</name>
         <value>0x3128</value>
         <object_component_ref idref="oc-3a"/>
      </symbol>
      <symbol id="sm-52c">
         <name>vimDisableInterrupt</name>
         <value>0x3280</value>
         <object_component_ref idref="oc-3a"/>
      </symbol>
      <symbol id="sm-52d">
         <name>vimGetConfigValue</name>
         <value>0x3304</value>
         <object_component_ref idref="oc-3a"/>
      </symbol>
      <symbol id="sm-52e">
         <name>vimParityErrorHandler</name>
         <value>0x50d4</value>
         <object_component_ref idref="oc-39"/>
      </symbol>
      <symbol id="sm-582">
         <name>systemGetConfigValue</name>
         <value>0x2848</value>
         <object_component_ref idref="oc-79"/>
      </symbol>
      <symbol id="sm-583">
         <name>trimLPO</name>
         <value>0x2560</value>
         <object_component_ref idref="oc-79"/>
      </symbol>
      <symbol id="sm-584">
         <name>systemInit</name>
         <value>0x274c</value>
         <object_component_ref idref="oc-79"/>
      </symbol>
      <symbol id="sm-585">
         <name>customTrimLPO</name>
         <value>0x2ef0</value>
         <object_component_ref idref="oc-79"/>
      </symbol>
      <symbol id="sm-586">
         <name>tcmflashGetConfigValue</name>
         <value>0x2c08</value>
         <object_component_ref idref="oc-79"/>
      </symbol>
      <symbol id="sm-587">
         <name>sramGetConfigValue</name>
         <value>0x2db4</value>
         <object_component_ref idref="oc-79"/>
      </symbol>
      <symbol id="sm-588">
         <name>periphInit</name>
         <value>0x2614</value>
         <object_component_ref idref="oc-79"/>
      </symbol>
      <symbol id="sm-589">
         <name>setupFlash</name>
         <value>0x25d4</value>
         <object_component_ref idref="oc-79"/>
      </symbol>
      <symbol id="sm-58a">
         <name>setupPLL</name>
         <value>0x2510</value>
         <object_component_ref idref="oc-79"/>
      </symbol>
      <symbol id="sm-58b">
         <name>mapClocks</name>
         <value>0x2668</value>
         <object_component_ref idref="oc-79"/>
      </symbol>
      <symbol id="sm-58c">
         <name>systemPowerDown</name>
         <value>0x2818</value>
         <object_component_ref idref="oc-79"/>
      </symbol>
      <symbol id="sm-5b5">
         <name>__TI_auto_init_nobinit_nopinit</name>
         <value>0x5a6c</value>
         <object_component_ref idref="oc-f5"/>
      </symbol>
      <symbol id="sm-5c4">
         <name>C$$EXIT</name>
         <value>0x5af8</value>
         <object_component_ref idref="oc-132"/>
      </symbol>
      <symbol id="sm-5c5">
         <name>abort</name>
         <value>0x5af8</value>
         <object_component_ref idref="oc-132"/>
      </symbol>
      <symbol id="sm-5c9">
         <name>SHT$$INIT_ARRAY$$Base</name>
         <value>0x0</value>
      </symbol>
      <symbol id="sm-5ca">
         <name>SHT$$INIT_ARRAY$$Limit</name>
         <value>0x0</value>
      </symbol>
      <symbol id="sm-5cb">
         <name>_system_post_cinit</name>
         <value>0x0</value>
      </symbol>
      <symbol id="sm-5cc">
         <name>__TI_Handler_Table_Base</name>
         <value>0x0</value>
      </symbol>
      <symbol id="sm-5cd">
         <name>__TI_Handler_Table_Limit</name>
         <value>0x0</value>
      </symbol>
      <symbol id="sm-5ce">
         <name>__TI_CINIT_Limit</name>
         <value>0x0</value>
      </symbol>
      <symbol id="sm-5cf">
         <name>__TI_CINIT_Base</name>
         <value>0x0</value>
      </symbol>
   </symbol_table>
   <title>Link successful</title>
</link_info>
