******************************************************************************
                  TI ARM Linker PC v18.12.4                    
******************************************************************************
>> Linked Thu Feb 11 10:12:47 2021

OUTPUT FILE NAME:   <TMS570_RTI_GIO_OUTPUT.out>
ENTRY POINT SYMBOL: "_c_int00"  address: 0000533c


MEMORY CONFIGURATION

         name            origin    length      used     unused   attr    fill
----------------------  --------  ---------  --------  --------  ----  --------
  VECTORS               00000000   00000020  00000020  00000000     X
  FLASH0                00000020   0005ffe0  00005c68  0005a378  R  X
  STACKS                08000000   00001500  00000000  00001500  RW  
  RAM                   08001500   00006b00  00000000  00006b00  RW  


SEGMENT ALLOCATION MAP

run origin  load origin   length   init length attrs members
----------  ----------- ---------- ----------- ----- -------
00000000    00000000    00005c88   00005c88    r-x
  00000000    00000000    00000020   00000020    r-x .intvecs
  00000020    00000020    00005ae8   00005ae8    r-x .text
  00005b08    00005b08    00000180   00000180    r-- .const


SECTION ALLOCATION MAP

 output                                  attributes/
section   page    origin      length       input sections
--------  ----  ----------  ----------   ----------------
.intvecs   0    00000000    00000020     
                  00000000    00000020     sys_intvecs.obj (.intvecs)

.text      0    00000020    00005ae8     
                  00000020    000024f0     sys_selftest.obj (.text)
                  00002510    00000aa0     system.obj (.text)
                  00002fb0    00000898     sys_vim.obj (.text)
                  00003848    00000664     errata_SSWF021_45.obj (.text)
                  00003eac    00000630     rti.obj (.text)
                  000044dc    000005bc     esm.obj (.text)
                  00004a98    0000036c     gio.obj (.text)
                  00004e04    000002d0     sys_core.obj (.text)
                  000050d4    00000268     sys_vim.obj (.text:retain)
                  0000533c    0000021c     sys_startup.obj (.text:retain)
                  00005558    00000150     pinmux.obj (.text)
                  000056a8    000000ec     esm.obj (.text:retain)
                  00005794    000000e8     dabort.obj (.text)
                  0000587c    000000e0     sys_pmu.obj (.text)
                  0000595c    00000094     sys_main.obj (.text)
                  000059f0    0000007c     notification.obj (.text)
                  00005a6c    00000068     rtsv7R4_A_be_eabi.lib : autoinit.c.obj (.text:__TI_auto_init_nobinit_nopinit:__TI_auto_init_nobinit_nopinit)
                  00005ad4    00000024     rti.obj (.text:retain)
                  00005af8    00000008     rtsv7R4_A_be_eabi.lib : exit.c.obj (.text:abort:abort)
                  00005b00    00000004     sys_phantom.obj (.text:retain)
                  00005b04    00000004     sys_startup.obj (.text)

.const     0    00005b08    00000180     
                  00005b08    00000180     sys_vim.obj (.const:s_vim_init)

.cinit     0    00000020    00000000     UNINITIALIZED

MODULE SUMMARY

       Module                  code    ro data   rw data
       ------                  ----    -------   -------
    .\source\
       sys_selftest.obj        9456    0         0      
       sys_vim.obj             2816    384       0      
       system.obj              2720    0         0      
       esm.obj                 1704    0         0      
       errata_SSWF021_45.obj   1636    0         0      
       rti.obj                 1620    0         0      
       gio.obj                 876     0         0      
       sys_core.obj            720     0         0      
       sys_startup.obj         544     0         0      
       pinmux.obj              336     0         0      
       dabort.obj              232     0         0      
       sys_pmu.obj             224     0         0      
       sys_main.obj            148     0         0      
       notification.obj        124     0         0      
       sys_intvecs.obj         32      0         0      
       sys_phantom.obj         4       0         0      
    +--+-----------------------+-------+---------+---------+
       Total:                  23192   384       0      
                                                        
    C:\ti\ccs930\ccs\tools\compiler\ti-cgt-arm_18.12.4.LTS\lib\rtsv7R4_A_be_eabi.lib
       autoinit.c.obj          104     0         0      
       exit.c.obj              8       0         0      
    +--+-----------------------+-------+---------+---------+
       Total:                  112     0         0      
                                                        
    +--+-----------------------+-------+---------+---------+
       Grand Total:            23304   384       0      


GLOBAL SYMBOLS: SORTED ALPHABETICALLY BY Name 

address   name                                
-------   ----                                
00005af8  C$$EXIT                             
0000420c  IsdwdKeySequenceCorrect             
UNDEFED   SHT$$INIT_ARRAY$$Base               
UNDEFED   SHT$$INIT_ARRAY$$Limit              
UNDEFED   __TI_CINIT_Base                     
UNDEFED   __TI_CINIT_Limit                    
UNDEFED   __TI_Handler_Table_Base             
UNDEFED   __TI_Handler_Table_Limit            
000050cc  __TI_PINIT_Base                     
000050d0  __TI_PINIT_Limit                    
00005a6c  __TI_auto_init_nobinit_nopinit      
ffffffff  __TI_pprof_out_hndl                 
ffffffff  __TI_prof_data_size                 
ffffffff  __TI_prof_data_start                
00000000  __TI_static_base__                  
ffffffff  __binit__                           
ffffffff  __c_args__                          
0000533c  _c_int00                            
00004ff4  _coreClearAuxiliaryDataFault_       
00005008  _coreClearAuxiliaryInstructionFault_
00004fcc  _coreClearDataFaultAddress_         
00004fa4  _coreClearDataFault_                
00004fe0  _coreClearInstructionFaultAddress_  
00004fb8  _coreClearInstructionFault_         
00004f38  _coreDisableEventBusExport_         
00004f7c  _coreDisableFlashEcc_               
00004f58  _coreDisableRamEcc_                 
00004f28  _coreEnableEventBusExport_          
00004f68  _coreEnableFlashEcc_                
00004f8c  _coreEnableIrqVicOffset_            
00004f48  _coreEnableRamEcc_                  
00004fec  _coreGetAuxiliaryDataFault_         
00005000  _coreGetAuxiliaryInstructionFault_  
00004fc4  _coreGetDataFaultAddress_           
00004f9c  _coreGetDataFault_                  
00004fd8  _coreGetInstructionFaultAddress_    
00004fb0  _coreGetInstructionFault_           
00004e04  _coreInitRegisters_                 
00004ebc  _coreInitStackPointer_              
00005794  _dabort                             
0000501c  _disable_FIQ_interrupt_             
00005024  _disable_IRQ_interrupt_             
00005014  _disable_interrupt_                 
0000502c  _enable_interrupt_                  
000050bc  _errata_CORTEXR4_66_                
00003848  _errata_SSWF021_45_both_plls        
00003a3c  _errata_SSWF021_45_pll1             
00003bb4  _errata_SSWF021_45_pll2             
00005034  _esmCcmErrorsClear_                 
00004f08  _getCPSRValue_                      
00004f10  _gotoCPUIdle_                       
000058d8  _pmuDisableCountersGlobal_          
000058c8  _pmuEnableCountersGlobal_           
00005934  _pmuGetCycleCount_                  
0000593c  _pmuGetEventCount_                  
00005948  _pmuGetOverflow_                    
0000587c  _pmuInit_                           
00005908  _pmuResetCounters_                  
000058e8  _pmuResetCycleCounter_              
000058f8  _pmuResetEventCounters_             
00005928  _pmuSetCountEvent_                  
00005918  _pmuStartCounters_                  
00005920  _pmuStopCounters_                   
UNDEFED   _system_post_cinit                  
00005af8  abort                               
00001004  adc1ParityCheck                     
ffffffff  binit                               
000010bc  can1ParityCheck                     
00001198  can2ParityCheck                     
00000030  ccmSelfCheck                        
00002034  ccmr4GetConfigValue                 
00000938  checkB0RAMECC                       
00000b28  checkB1RAMECC                       
00001604  checkClockMonitor                   
00000d18  checkFlashECC                       
000016d8  checkFlashEEPROMECC                 
00001880  checkPLL1Slip                       
0000199c  checkRAMAddrParity                  
000013bc  checkRAMECC                         
00001aa4  checkRAMUERRTest                    
000007bc  checkefcSelfTest                    
00000234  cpuSelfTest                         
00000dfc  cpuSelfTestFail                     
00002ef0  customTrimLPO                       
00000df4  custom_dabort                       
00002424  disableParity                       
00004274  dwdClearFlag                        
000041a8  dwdCounterEnable                    
000041f0  dwdGenerateSysReset                 
00004240  dwdGetStatus                        
00004284  dwdGetViolationStatus               
0000412c  dwdInit                             
000041d4  dwdReset                            
000041b8  dwdSetPreload                       
0000419c  dwwdGetCurrentDownCounter           
00004154  dwwdInit                            
00000660  efcCheck                            
00001f98  efcGetConfigValue                   
00000794  efcSelfTest                         
000006e8  efcStuckZeroTest                    
000023d0  enableParity                        
000020b0  errata_PBIST_4                      
00004660  esmActivateNormalOperation          
00004734  esmClearStatus                      
00004774  esmClearStatusBuffer                
00004628  esmDisableError                     
00004698  esmDisableInterrupt                 
00004600  esmEnableError                      
00004670  esmEnableInterrupt                  
0000486c  esmEnterSelfTest                    
000045e4  esmError                            
00004944  esmGetConfigValue                   
000047b0  esmGetStatus                        
00004834  esmGetStatusBuffer                  
000059f0  esmGroup1Notification               
00005a00  esmGroup2Notification               
000056a8  esmHighInterrupt                    
000044dc  esmInit                             
000048f4  esmSelfTestStatus                   
00004790  esmSetCounterPreloadValue           
000046c0  esmSetInterruptLevel                
00004650  esmTriggerErrorPinReset             
00001c00  fmcBus1ParityCheck                  
0000085c  fmcBus2Check                        
00000898  fmcECCcheck                         
00004c90  gioDisableNotification              
00004c54  gioEnableNotification               
00004bbc  gioGetBit                           
00004ccc  gioGetConfigValue                   
00004be4  gioGetPort                          
00004a98  gioInit                             
00005a58  gioNotification                     
00004b4c  gioSetBit                           
00004b2c  gioSetDirection                     
00004b9c  gioSetPort                          
00004bfc  gioToggleBit                        
00005b04  handlePLLLockFail                   
00000eac  het1ParityCheck                     
00000f4c  htu1ParityCheck                     
0000595c  main                                
00002668  mapClocks                           
00000174  memoryInit                          
00005a10  memoryPort0TestFailNotification     
00005a2c  memoryPort1TestFailNotification     
00001260  mibspi1ParityCheck                  
00005558  muxInit                             
00001d2c  pbistFail                           
00001db0  pbistGetConfigValue                 
000005a8  pbistIsTestCompleted                
000005d4  pbistIsTestPassed                   
00000608  pbistPortTestStatus                 
000004ac  pbistRun                            
000002cc  pbistSelfCheck                      
00000578  pbistStop                           
00002614  periphInit                          
00005b00  phantomInterrupt                    
000055e0  pinmuxGetConfigValue                
00000000  resetEntry                          
00005ad4  rtiCompare0Interrupt                
00004334  rtiDisableNotification              
0000430c  rtiEnableNotification               
00004350  rtiGetConfigValue                   
000040a0  rtiGetCurrentTick                   
00004078  rtiGetPeriod                        
00003eac  rtiInit                             
00005998  rtiNotification                     
00003fec  rtiResetCounter                     
00004050  rtiSetPeriod                        
00003f94  rtiStartCounter                     
00003fc0  rtiStopCounter                      
00000020  selftestFailNotification            
000025d4  setupFlash                          
00002510  setupPLL                            
00002db4  sramGetConfigValue                  
00001ef8  stcGetConfigValue                   
000001b8  stcSelfCheck                        
00000df8  stcSelfCheckFail                    
00002848  systemGetConfigValue                
0000274c  systemInit                          
00002818  systemPowerDown                     
00002c08  tcmflashGetConfigValue              
00002560  trimLPO                             
00003084  vimChannelMap                       
00003280  vimDisableInterrupt                 
00003128  vimEnableInterrupt                  
00003304  vimGetConfigValue                   
00002fb0  vimInit                             
00000e00  vimParityCheck                      
000050d4  vimParityErrorHandler               


GLOBAL SYMBOLS: SORTED BY Symbol Address 

address   name                                
-------   ----                                
00000000  __TI_static_base__                  
00000000  resetEntry                          
00000020  selftestFailNotification            
00000030  ccmSelfCheck                        
00000174  memoryInit                          
000001b8  stcSelfCheck                        
00000234  cpuSelfTest                         
000002cc  pbistSelfCheck                      
000004ac  pbistRun                            
00000578  pbistStop                           
000005a8  pbistIsTestCompleted                
000005d4  pbistIsTestPassed                   
00000608  pbistPortTestStatus                 
00000660  efcCheck                            
000006e8  efcStuckZeroTest                    
00000794  efcSelfTest                         
000007bc  checkefcSelfTest                    
0000085c  fmcBus2Check                        
00000898  fmcECCcheck                         
00000938  checkB0RAMECC                       
00000b28  checkB1RAMECC                       
00000d18  checkFlashECC                       
00000df4  custom_dabort                       
00000df8  stcSelfCheckFail                    
00000dfc  cpuSelfTestFail                     
00000e00  vimParityCheck                      
00000eac  het1ParityCheck                     
00000f4c  htu1ParityCheck                     
00001004  adc1ParityCheck                     
000010bc  can1ParityCheck                     
00001198  can2ParityCheck                     
00001260  mibspi1ParityCheck                  
000013bc  checkRAMECC                         
00001604  checkClockMonitor                   
000016d8  checkFlashEEPROMECC                 
00001880  checkPLL1Slip                       
0000199c  checkRAMAddrParity                  
00001aa4  checkRAMUERRTest                    
00001c00  fmcBus1ParityCheck                  
00001d2c  pbistFail                           
00001db0  pbistGetConfigValue                 
00001ef8  stcGetConfigValue                   
00001f98  efcGetConfigValue                   
00002034  ccmr4GetConfigValue                 
000020b0  errata_PBIST_4                      
000023d0  enableParity                        
00002424  disableParity                       
00002510  setupPLL                            
00002560  trimLPO                             
000025d4  setupFlash                          
00002614  periphInit                          
00002668  mapClocks                           
0000274c  systemInit                          
00002818  systemPowerDown                     
00002848  systemGetConfigValue                
00002c08  tcmflashGetConfigValue              
00002db4  sramGetConfigValue                  
00002ef0  customTrimLPO                       
00002fb0  vimInit                             
00003084  vimChannelMap                       
00003128  vimEnableInterrupt                  
00003280  vimDisableInterrupt                 
00003304  vimGetConfigValue                   
00003848  _errata_SSWF021_45_both_plls        
00003a3c  _errata_SSWF021_45_pll1             
00003bb4  _errata_SSWF021_45_pll2             
00003eac  rtiInit                             
00003f94  rtiStartCounter                     
00003fc0  rtiStopCounter                      
00003fec  rtiResetCounter                     
00004050  rtiSetPeriod                        
00004078  rtiGetPeriod                        
000040a0  rtiGetCurrentTick                   
0000412c  dwdInit                             
00004154  dwwdInit                            
0000419c  dwwdGetCurrentDownCounter           
000041a8  dwdCounterEnable                    
000041b8  dwdSetPreload                       
000041d4  dwdReset                            
000041f0  dwdGenerateSysReset                 
0000420c  IsdwdKeySequenceCorrect             
00004240  dwdGetStatus                        
00004274  dwdClearFlag                        
00004284  dwdGetViolationStatus               
0000430c  rtiEnableNotification               
00004334  rtiDisableNotification              
00004350  rtiGetConfigValue                   
000044dc  esmInit                             
000045e4  esmError                            
00004600  esmEnableError                      
00004628  esmDisableError                     
00004650  esmTriggerErrorPinReset             
00004660  esmActivateNormalOperation          
00004670  esmEnableInterrupt                  
00004698  esmDisableInterrupt                 
000046c0  esmSetInterruptLevel                
00004734  esmClearStatus                      
00004774  esmClearStatusBuffer                
00004790  esmSetCounterPreloadValue           
000047b0  esmGetStatus                        
00004834  esmGetStatusBuffer                  
0000486c  esmEnterSelfTest                    
000048f4  esmSelfTestStatus                   
00004944  esmGetConfigValue                   
00004a98  gioInit                             
00004b2c  gioSetDirection                     
00004b4c  gioSetBit                           
00004b9c  gioSetPort                          
00004bbc  gioGetBit                           
00004be4  gioGetPort                          
00004bfc  gioToggleBit                        
00004c54  gioEnableNotification               
00004c90  gioDisableNotification              
00004ccc  gioGetConfigValue                   
00004e04  _coreInitRegisters_                 
00004ebc  _coreInitStackPointer_              
00004f08  _getCPSRValue_                      
00004f10  _gotoCPUIdle_                       
00004f28  _coreEnableEventBusExport_          
00004f38  _coreDisableEventBusExport_         
00004f48  _coreEnableRamEcc_                  
00004f58  _coreDisableRamEcc_                 
00004f68  _coreEnableFlashEcc_                
00004f7c  _coreDisableFlashEcc_               
00004f8c  _coreEnableIrqVicOffset_            
00004f9c  _coreGetDataFault_                  
00004fa4  _coreClearDataFault_                
00004fb0  _coreGetInstructionFault_           
00004fb8  _coreClearInstructionFault_         
00004fc4  _coreGetDataFaultAddress_           
00004fcc  _coreClearDataFaultAddress_         
00004fd8  _coreGetInstructionFaultAddress_    
00004fe0  _coreClearInstructionFaultAddress_  
00004fec  _coreGetAuxiliaryDataFault_         
00004ff4  _coreClearAuxiliaryDataFault_       
00005000  _coreGetAuxiliaryInstructionFault_  
00005008  _coreClearAuxiliaryInstructionFault_
00005014  _disable_interrupt_                 
0000501c  _disable_FIQ_interrupt_             
00005024  _disable_IRQ_interrupt_             
0000502c  _enable_interrupt_                  
00005034  _esmCcmErrorsClear_                 
000050bc  _errata_CORTEXR4_66_                
000050cc  __TI_PINIT_Base                     
000050d0  __TI_PINIT_Limit                    
000050d4  vimParityErrorHandler               
0000533c  _c_int00                            
00005558  muxInit                             
000055e0  pinmuxGetConfigValue                
000056a8  esmHighInterrupt                    
00005794  _dabort                             
0000587c  _pmuInit_                           
000058c8  _pmuEnableCountersGlobal_           
000058d8  _pmuDisableCountersGlobal_          
000058e8  _pmuResetCycleCounter_              
000058f8  _pmuResetEventCounters_             
00005908  _pmuResetCounters_                  
00005918  _pmuStartCounters_                  
00005920  _pmuStopCounters_                   
00005928  _pmuSetCountEvent_                  
00005934  _pmuGetCycleCount_                  
0000593c  _pmuGetEventCount_                  
00005948  _pmuGetOverflow_                    
0000595c  main                                
00005998  rtiNotification                     
000059f0  esmGroup1Notification               
00005a00  esmGroup2Notification               
00005a10  memoryPort0TestFailNotification     
00005a2c  memoryPort1TestFailNotification     
00005a58  gioNotification                     
00005a6c  __TI_auto_init_nobinit_nopinit      
00005ad4  rtiCompare0Interrupt                
00005af8  C$$EXIT                             
00005af8  abort                               
00005b00  phantomInterrupt                    
00005b04  handlePLLLockFail                   
ffffffff  __TI_pprof_out_hndl                 
ffffffff  __TI_prof_data_size                 
ffffffff  __TI_prof_data_start                
ffffffff  __binit__                           
ffffffff  __c_args__                          
ffffffff  binit                               
UNDEFED   SHT$$INIT_ARRAY$$Base               
UNDEFED   SHT$$INIT_ARRAY$$Limit              
UNDEFED   __TI_CINIT_Base                     
UNDEFED   __TI_CINIT_Limit                    
UNDEFED   __TI_Handler_Table_Base             
UNDEFED   __TI_Handler_Table_Limit            
UNDEFED   _system_post_cinit                  

[189 symbols]
