******************************************************************************
                  TI ARM Linker PC v18.12.4                    
******************************************************************************
>> Linked Fri Apr  2 09:03:21 2021

OUTPUT FILE NAME:   <TMS570_RTI_GIO_OUTPUT.out>
ENTRY POINT SYMBOL: "_c_int00"  address: 00007034


MEMORY CONFIGURATION

         name            origin    length      used     unused   attr    fill
----------------------  --------  ---------  --------  --------  ----  --------
  VECTORS               00000000   00000020  00000020  00000000     X
  FLASH0                00000020   0005ffe0  0000a325  00055cbb  R  X
  STACKS                08000000   00001500  00000000  00001500  RW  
  RAM                   08001500   00006b00  00000bca  00005f36  RW  


SEGMENT ALLOCATION MAP

run origin  load origin   length   init length attrs members
----------  ----------- ---------- ----------- ----- -------
00000000    00000000    0000a348   0000a348    r-x
  00000000    00000000    00000020   00000020    r-x .intvecs
  00000020    00000020    0000a014   0000a014    r-x .text
  0000a034    0000a034    00000281   00000281    r-- .const
  0000a2b8    0000a2b8    00000090   00000090    r-- .cinit
08001500    08001500    00000bcc   00000000    rw-
  08001500    08001500    00000800   00000000    rw- .sysmem
  08001d00    08001d00    000001ea   00000000    rw- .data
  08001eec    08001eec    000001e0   00000000    rw- .bss


SECTION ALLOCATION MAP

 output                                  attributes/
section   page    origin      length       input sections
--------  ----  ----------  ----------   ----------------
.intvecs   0    00000000    00000020     
                  00000000    00000020     sys_intvecs.obj (.intvecs)

.text      0    00000020    0000a014     
                  00000020    000024f0     sys_selftest.obj (.text)
                  00002510    00000ff0     rtsv7R4_A_be_eabi.lib : _printfi.c.obj (.text:__TI_printfi)
                  00003500    00000aa0     system.obj (.text)
                  00003fa0    00000898     sys_vim.obj (.text)
                  00004838    00000664     errata_SSWF021_45.obj (.text)
                  00004e9c    00000634     rti.obj (.text)
                  000054d0    000005bc     esm.obj (.text)
                  00005a8c    00000428     sys_main.obj (.text)
                  00005eb4    0000036c     gio.obj (.text)
                  00006220    00000364     rtsv7R4_A_be_eabi.lib : _printfi.c.obj (.text:_pconv_a)
                  00006584    000002d0     sys_core.obj (.text)
                  00006854    000002c0     rtsv7R4_A_be_eabi.lib : _printfi.c.obj (.text:_pconv_g)
                  00006b14    000002b8                           : ull_div32.asm.obj (.text)
                  00006dcc    00000268     sys_vim.obj (.text:retain)
                  00007034    0000021c     sys_startup.obj (.text:retain)
                  00007250    00000214     rtsv7R4_A_be_eabi.lib : fd_add32.asm.obj (.text)
                  00007464    000001b0                           : _printfi.c.obj (.text:_pconv_e)
                  00007614    000001ac                           : memory.c.obj (.text:aligned_alloc)
                  000077c0    000001ac                           : _printfi.c.obj (.text:fcvt)
                  0000796c    000001a4                           : fputs.c.obj (.text:fputs)
                  00007b10    00000190                           : fd_div32.asm.obj (.text)
                  00007ca0    00000180                           : memcpy32.asm.obj (.text)
                  00007e20    00000174                           : memory.c.obj (.text:free)
                  00007f94    00000158                           : setvbuf.c.obj (.text:setvbuf)
                  000080ec    00000150     pinmux.obj (.text)
                  0000823c    00000128     rtsv7R4_A_be_eabi.lib : fd_mul32.asm.obj (.text)
                  00008364    00000120                           : s_scalbn.c.obj (.text:scalbn)
                  00008484    00000115                           : _printfi.c.obj (.text:_ltostr)
                  00008599    00000003     --HOLE-- [fill = 0]
                  0000859c    00000100                           : fputc.c.obj (.text:fputc)
                  0000869c    000000ec     esm.obj (.text:retain)
                  00008788    000000e8     dabort.obj (.text)
                  00008870    000000e0     rtsv7R4_A_be_eabi.lib : fd_cmp32.asm.obj (.text:__aeabi_cdcmple)
                  00008950    000000e0                           : fd_cmp32.asm.obj (.text:__aeabi_cdrcmple)
                  00008a30    000000e0     sys_pmu.obj (.text)
                  00008b10    000000c8     rtsv7R4_A_be_eabi.lib : _printfi.c.obj (.text:_mcpy)
                  00008bd8    000000b8                           : fclose.c.obj (.text:__TI_closefile)
                  00008c90    000000b0                           : memset32.asm.obj (.text)
                  00008d40    000000ac                           : hostlseek.c.obj (.text:HOSTlseek)
                  00008dec    000000ac                           : memory.c.obj (.text:split)
                  00008e98    000000a8                           : fseek.c.obj (.text:fseek)
                  00008f40    000000a4                           : hostrename.c.obj (.text:HOSTrename)
                  00008fe4    000000a0                           : _io_perm.c.obj (.text:__TI_wrt_ok)
                  00009084    000000a0     notification.obj (.text)
                  00009124    0000009c     rtsv7R4_A_be_eabi.lib : printf.c.obj (.text:printf)
                  000091c0    00000098                           : hostopen.c.obj (.text:HOSTopen)
                  00009258    00000098                           : _printfi.c.obj (.text:_ecpy)
                  000092f0    00000098                           : close.c.obj (.text:close)
                  00009388    00000090                           : hostread.c.obj (.text:HOSTread)
                  00009418    00000090                           : hostwrite.c.obj (.text:HOSTwrite)
                  000094a8    00000090                           : copy_decompress_lzss.c.obj (.text:decompress:lzss:__TI_decompress_lzss)
                  00009538    00000084                           : fflush.c.obj (.text:__TI_doflush)
                  000095bc    00000084                           : _printfi.c.obj (.text:_pconv_f)
                  00009640    00000084                           : atoi.c.obj (.text:atoi)
                  000096c4    00000080                           : ltoa.c.obj (.text:ltoa)
                  00009744    0000007c                           : exit.c.obj (.text:exit)
                  000097c0    0000007c                           : s_frexp.c.obj (.text:frexp)
                  0000983c    00000074                           : hostclose.c.obj (.text:HOSTclose)
                  000098b0    00000070                           : hostunlink.c.obj (.text:HOSTunlink)
                  00009920    0000006c                           : getdevice.c.obj (.text:getdevice)
                  0000998c    00000068                           : autoinit.c.obj (.text:__TI_auto_init_nobinit_nopinit:__TI_auto_init_nobinit_nopinit)
                  000099f4    00000064                           : _printfi.c.obj (.text:_fcpy)
                  00009a58    0000005c                           : fd_toi32.asm.obj (.text)
                  00009ab4    00000054                           : fopen.c.obj (.text:__TI_cleanup)
                  00009b08    00000054                           : trgmsg.c.obj (.text:__TI_readmsg)
                  00009b5c    00000054                           : trgmsg.c.obj (.text:__TI_writemsg)
                  00009bb0    00000054                           : getdevice.c.obj (.text:finddevice)
                  00009c04    00000054                           : i_div32.asm.obj (.text)
                  00009c58    00000050                           : u_div32.asm.obj (.text)
                  00009ca8    00000048                           : strncpy.c.obj (.text:strncpy)
                  00009cf0    00000048                           : unlink.c.obj (.text:unlink)
                  00009d38    00000044                           : lseek.c.obj (.text:lseek)
                  00009d7c    00000044     rti.obj (.text:retain)
                  00009dc0    00000044     rtsv7R4_A_be_eabi.lib : write.c.obj (.text:write)
                  00009e04    00000040                           : memory.c.obj (.text:free_list_insert)
                  00009e44    0000003c                           : i_tofd32.asm.obj (.text)
                  00009e80    00000030                           : memory.c.obj (.text:free_list_remove)
                  00009eb0    0000002c                           : memccpy.c.obj (.text:memccpy)
                  00009edc    0000002c                           : memchr.c.obj (.text:memchr)
                  00009f08    00000028                           : copy_zero_init.c.obj (.text:decompress:ZI:__TI_zero_init_nomemset:__TI_zero_init_nomemset)
                  00009f30    00000028                           : strchr.c.obj (.text:strchr)
                  00009f58    00000028                           : strcmp.c.obj (.text:strcmp)
                  00009f80    00000024                           : wcslen.c.obj (.text:wcslen)
                  00009fa4    00000020                           : strlen.c.obj (.text:strlen)
                  00009fc4    00000018                           : strcpy.c.obj (.text:strcpy)
                  00009fdc    00000014                           : copy_decompress_none.c.obj (.text:decompress:none:__TI_decompress_none)
                  00009ff0    0000000c                           : errno.c.obj (.text:__aeabi_errno_addr)
                  00009ffc    0000000c                           : s_copysign.c.obj (.text:copysign)
                  0000a008    0000000c                           : memory.c.obj (.text:malloc)
                  0000a014    00000008                           : exit.c.obj (.text:abort:abort)
                  0000a01c    00000004                           : _lock.c.obj (.text:_nop)
                  0000a020    00000004                           : printf.c.obj (.text:_outc)
                  0000a024    00000004                           : printf.c.obj (.text:_outs)
                  0000a028    00000004     sys_phantom.obj (.text:retain)
                  0000a02c    00000004     rtsv7R4_A_be_eabi.lib : div0.asm.obj (.text)
                  0000a030    00000004     sys_startup.obj (.text)

.const     0    0000a034    00000281     
                  0000a034    00000180     sys_vim.obj (.const:s_vim_init)
                  0000a1b4    00000101     rtsv7R4_A_be_eabi.lib : ctype.c.obj (.const:.string:_ctypes_)

.cinit     0    0000a2b8    00000090     
                  0000a2b8    00000066     (.cinit..data.load) [load image, compression = lzss]
                  0000a31e    00000002     --HOLE-- [fill = 0]
                  0000a320    0000000c     (__TI_handler_table)
                  0000a32c    00000004     --HOLE-- [fill = 0]
                  0000a330    00000008     (.cinit..bss.load) [load image, compression = zero_init]
                  0000a338    00000010     (__TI_cinit_table)

.sysmem    0    08001500    00000800     UNINITIALIZED
                  08001500    00000010     rtsv7R4_A_be_eabi.lib : memory.c.obj (.sysmem)
                  08001510    000007f0     --HOLE--

.data      0    08001d00    000001ea     UNINITIALIZED
                  08001d00    000000f0     rtsv7R4_A_be_eabi.lib : defs.c.obj (.data:_ftable)
                  08001df0    00000078                           : host_device.c.obj (.data:_device)
                  08001e68    00000050                           : host_device.c.obj (.data:_stream)
                  08001eb8    00000010                           : defs.c.obj (.data)
                  08001ec8    0000000c                           : exit.c.obj (.data:$O1$$)
                  08001ed4    00000008                           : _lock.c.obj (.data:$O1$$)
                  08001edc    00000008                           : memory.c.obj (.data:$O1$$)
                  08001ee4    00000004                           : errno.c.obj (.data)
                  08001ee8    00000002     sys_main.obj (.data)

.bss       0    08001eec    000001e0     UNINITIALIZED
                  08001eec    00000120     rtsv7R4_A_be_eabi.lib : trgmsg.c.obj (.bss:_CIOBUF_)
                  0800200c    000000a0     (.common:__TI_tmpnams)
                  080020ac    00000008     (.common:led_1)
                  080020b4    00000008     (.common:led_2)
                  080020bc    00000008     (.common:led_3)
                  080020c4    00000008     (.common:parmbuf)

MODULE SUMMARY

       Module                       code    ro data   rw data
       ------                       ----    -------   -------
    .\source\
       sys_selftest.obj             9456    0         0      
       sys_vim.obj                  2816    384       0      
       system.obj                   2720    0         0      
       esm.obj                      1704    0         0      
       rti.obj                      1656    0         0      
       errata_SSWF021_45.obj        1636    0         0      
       sys_main.obj                 1064    0         26     
       gio.obj                      876     0         0      
       sys_core.obj                 720     0         0      
       sys_startup.obj              544     0         0      
       pinmux.obj                   336     0         0      
       dabort.obj                   232     0         0      
       sys_pmu.obj                  224     0         0      
       notification.obj             160     0         0      
       sys_intvecs.obj              32      0         0      
       sys_phantom.obj              4       0         0      
    +--+----------------------------+-------+---------+---------+
       Total:                       24180   384       26     
                                                             
    C:\ti\ccs930\ccs\tools\compiler\ti-cgt-arm_18.12.4.LTS\lib\rtsv7R4_A_be_eabi.lib
       _printfi.c.obj               7373    0         0      
       memory.c.obj                 1096    0         8      
       ull_div32.asm.obj            696     0         0      
       fd_add32.asm.obj             532     0         0      
       trgmsg.c.obj                 168     0         288    
       fd_cmp32.asm.obj             448     0         0      
       fputs.c.obj                  420     0         0      
       defs.c.obj                   0       0         416    
       fd_div32.asm.obj             400     0         0      
       memcpy32.asm.obj             384     0         0      
       setvbuf.c.obj                344     0         0      
       fd_mul32.asm.obj             296     0         0      
       s_scalbn.c.obj               288     0         0      
       ctype.c.obj                  0       257       0      
       fputc.c.obj                  256     0         0      
       host_device.c.obj            0       0         200    
       getdevice.c.obj              192     0         0      
       fclose.c.obj                 184     0         0      
       memset32.asm.obj             176     0         0      
       hostlseek.c.obj              172     0         0      
       fseek.c.obj                  168     0         0      
       hostrename.c.obj             164     0         0      
       printf.c.obj                 164     0         0      
       _io_perm.c.obj               160     0         0      
       hostopen.c.obj               152     0         8      
       close.c.obj                  152     0         0      
       copy_decompress_lzss.c.obj   144     0         0      
       exit.c.obj                   132     0         12     
       hostread.c.obj               144     0         0      
       hostwrite.c.obj              144     0         0      
       atoi.c.obj                   132     0         0      
       fflush.c.obj                 132     0         0      
       ltoa.c.obj                   128     0         0      
       s_frexp.c.obj                124     0         0      
       hostclose.c.obj              116     0         0      
       hostunlink.c.obj             112     0         0      
       autoinit.c.obj               104     0         0      
       fd_toi32.asm.obj             92      0         0      
       fopen.c.obj                  84      0         0      
       i_div32.asm.obj              84      0         0      
       u_div32.asm.obj              80      0         0      
       strncpy.c.obj                72      0         0      
       unlink.c.obj                 72      0         0      
       lseek.c.obj                  68      0         0      
       write.c.obj                  68      0         0      
       i_tofd32.asm.obj             60      0         0      
       memccpy.c.obj                44      0         0      
       memchr.c.obj                 44      0         0      
       copy_zero_init.c.obj         40      0         0      
       strchr.c.obj                 40      0         0      
       strcmp.c.obj                 40      0         0      
       wcslen.c.obj                 36      0         0      
       strlen.c.obj                 32      0         0      
       strcpy.c.obj                 24      0         0      
       copy_decompress_none.c.obj   20      0         0      
       errno.c.obj                  12      0         4      
       _lock.c.obj                  4       0         8      
       s_copysign.c.obj             12      0         0      
       div0.asm.obj                 4       0         0      
    +--+----------------------------+-------+---------+---------+
       Total:                       16829   257       944    
                                                             
       Heap:                        0       0         2048   
       Linker Generated:            0       138       0      
    +--+----------------------------+-------+---------+---------+
       Grand Total:                 41009   779       3018   


LINKER GENERATED COPY TABLES

__TI_cinit_table @ 0000a338 records: 2, size/record: 8, table size: 16
	.data: load addr=0000a2b8, load size=00000066 bytes, run addr=08001d00, run size=000001ea bytes, compression=lzss
	.bss: load addr=0000a330, load size=00000008 bytes, run addr=08001eec, run size=000001e0 bytes, compression=zero_init


LINKER GENERATED HANDLER TABLE

__TI_handler_table @ 0000a320 records: 3, size/record: 4, table size: 12
	index: 0, handler: __TI_zero_init
	index: 1, handler: __TI_decompress_lzss
	index: 2, handler: __TI_decompress_none


GLOBAL SYMBOLS: SORTED ALPHABETICALLY BY Name 

address   name                                
-------   ----                                
0000a014  C$$EXIT                             
00009ba4  C$$IO$$                             
0000983c  HOSTclose                           
00008d40  HOSTlseek                           
000091c0  HOSTopen                            
00009388  HOSTread                            
00008f40  HOSTrename                          
000098b0  HOSTunlink                          
00009418  HOSTwrite                           
000051fc  IsdwdKeySequenceCorrect             
UNDEFED   SHT$$INIT_ARRAY$$Base               
UNDEFED   SHT$$INIT_ARRAY$$Limit              
08001eec  __CIOBUF_                           
00000800  __SYSMEM_SIZE                       
0000a338  __TI_CINIT_Base                     
0000a348  __TI_CINIT_Limit                    
0000a320  __TI_Handler_Table_Base             
0000a32c  __TI_Handler_Table_Limit            
0000684c  __TI_PINIT_Base                     
00006850  __TI_PINIT_Limit                    
0000998c  __TI_auto_init_nobinit_nopinit      
00009ab4  __TI_cleanup                        
08001ec8  __TI_cleanup_ptr                    
00008bd8  __TI_closefile                      
000094a8  __TI_decompress_lzss                
00009fdc  __TI_decompress_none                
00009538  __TI_doflush                        
08001ecc  __TI_dtors_ptr                      
08001ed0  __TI_enable_exit_profile_output     
08001eb8  __TI_ft_end                         
ffffffff  __TI_pprof_out_hndl                 
00002510  __TI_printfi                        
ffffffff  __TI_prof_data_size                 
ffffffff  __TI_prof_data_start                
00009b08  __TI_readmsg                        
00000000  __TI_static_base__                  
0800200c  __TI_tmpnams                        
00009b5c  __TI_writemsg                       
00008fe4  __TI_wrt_ok                         
00009f08  __TI_zero_init_nomemset             
00008870  __aeabi_cdcmpeq                     
00008870  __aeabi_cdcmple                     
00008950  __aeabi_cdrcmple                    
00009a58  __aeabi_d2iz                        
0000725c  __aeabi_dadd                        
00007b10  __aeabi_ddiv                        
0000823c  __aeabi_dmul                        
00007250  __aeabi_dsub                        
00009ff0  __aeabi_errno_addr                  
00009e44  __aeabi_i2d                         
00009c04  __aeabi_idiv                        
0000a02c  __aeabi_idiv0                       
00009c04  __aeabi_idivmod                     
0000a02c  __aeabi_ldiv0                       
00008c90  __aeabi_memclr                      
00008c90  __aeabi_memclr4                     
00008c90  __aeabi_memclr8                     
00007ca0  __aeabi_memcpy                      
00007ca0  __aeabi_memcpy4                     
00007ca0  __aeabi_memcpy8                     
00008c94  __aeabi_memset                      
00008c94  __aeabi_memset4                     
00008c94  __aeabi_memset8                     
08001ec4  __aeabi_stderr                      
08001ebc  __aeabi_stdin                       
08001ec0  __aeabi_stdout                      
00009c58  __aeabi_uidiv                       
00009c58  __aeabi_uidivmod                    
00006b14  __aeabi_uldivmod                    
ffffffff  __binit__                           
ffffffff  __c_args__                          
00007034  _c_int00                            
00006774  _coreClearAuxiliaryDataFault_       
00006788  _coreClearAuxiliaryInstructionFault_
0000674c  _coreClearDataFaultAddress_         
00006724  _coreClearDataFault_                
00006760  _coreClearInstructionFaultAddress_  
00006738  _coreClearInstructionFault_         
000066b8  _coreDisableEventBusExport_         
000066fc  _coreDisableFlashEcc_               
000066d8  _coreDisableRamEcc_                 
000066a8  _coreEnableEventBusExport_          
000066e8  _coreEnableFlashEcc_                
0000670c  _coreEnableIrqVicOffset_            
000066c8  _coreEnableRamEcc_                  
0000676c  _coreGetAuxiliaryDataFault_         
00006780  _coreGetAuxiliaryInstructionFault_  
00006744  _coreGetDataFaultAddress_           
0000671c  _coreGetDataFault_                  
00006758  _coreGetInstructionFaultAddress_    
00006730  _coreGetInstructionFault_           
00006584  _coreInitRegisters_                 
0000663c  _coreInitStackPointer_              
0000a1b4  _ctypes_                            
00008788  _dabort                             
08001df0  _device                             
0000679c  _disable_FIQ_interrupt_             
000067a4  _disable_IRQ_interrupt_             
00006794  _disable_interrupt_                 
000067ac  _enable_interrupt_                  
0000683c  _errata_CORTEXR4_66_                
00004838  _errata_SSWF021_45_both_plls        
00004a2c  _errata_SSWF021_45_pll1             
00004ba4  _errata_SSWF021_45_pll2             
000067b4  _esmCcmErrorsClear_                 
08001d00  _ftable                             
00006688  _getCPSRValue_                      
00006690  _gotoCPUIdle_                       
08001ed4  _lock                               
0000a01c  _nop                                
00008a8c  _pmuDisableCountersGlobal_          
00008a7c  _pmuEnableCountersGlobal_           
00008ae8  _pmuGetCycleCount_                  
00008af0  _pmuGetEventCount_                  
00008afc  _pmuGetOverflow_                    
00008a30  _pmuInit_                           
00008abc  _pmuResetCounters_                  
00008a9c  _pmuResetCycleCounter_              
00008aac  _pmuResetEventCounters_             
00008adc  _pmuSetCountEvent_                  
00008acc  _pmuStartCounters_                  
00008ad4  _pmuStopCounters_                   
08001e68  _stream                             
08001500  _sys_memory                         
UNDEFED   _system_post_cinit                  
08001ed8  _unlock                             
0000a014  abort                               
00001004  adc1ParityCheck                     
00007614  aligned_alloc                       
00009640  atoi                                
ffffffff  binit                               
000010bc  can1ParityCheck                     
00001198  can2ParityCheck                     
00000030  ccmSelfCheck                        
00002034  ccmr4GetConfigValue                 
00000938  checkB0RAMECC                       
00000b28  checkB1RAMECC                       
00001604  checkClockMonitor                   
00000d18  checkFlashECC                       
000016d8  checkFlashEEPROMECC                 
00001880  checkPLL1Slip                       
0000199c  checkRAMAddrParity                  
000013bc  checkRAMECC                         
00001aa4  checkRAMUERRTest                    
000007bc  checkefcSelfTest                    
000092f0  close                               
00009ffc  copysign                            
00009ffc  copysignl                           
00000234  cpuSelfTest                         
00000dfc  cpuSelfTestFail                     
00003ee0  customTrimLPO                       
00000df4  custom_dabort                       
00002424  disableParity                       
00005264  dwdClearFlag                        
00005198  dwdCounterEnable                    
000051e0  dwdGenerateSysReset                 
00005230  dwdGetStatus                        
00005274  dwdGetViolationStatus               
0000511c  dwdInit                             
000051c4  dwdReset                            
000051a8  dwdSetPreload                       
0000518c  dwwdGetCurrentDownCounter           
00005144  dwwdInit                            
00000660  efcCheck                            
00001f98  efcGetConfigValue                   
00000794  efcSelfTest                         
000006e8  efcStuckZeroTest                    
000023d0  enableParity                        
000020b0  errata_PBIST_4                      
08001ee4  errno                               
00005654  esmActivateNormalOperation          
00005728  esmClearStatus                      
00005768  esmClearStatusBuffer                
0000561c  esmDisableError                     
0000568c  esmDisableInterrupt                 
000055f4  esmEnableError                      
00005664  esmEnableInterrupt                  
00005860  esmEnterSelfTest                    
000055d8  esmError                            
00005938  esmGetConfigValue                   
000057a4  esmGetStatus                        
00005828  esmGetStatusBuffer                  
00009084  esmGroup1Notification               
00009094  esmGroup2Notification               
0000869c  esmHighInterrupt                    
000054d0  esmInit                             
000058e8  esmSelfTestStatus                   
00005784  esmSetCounterPreloadValue           
000056b4  esmSetInterruptLevel                
00005644  esmTriggerErrorPinReset             
00009744  exit                                
00009bb0  finddevice                          
00001c00  fmcBus1ParityCheck                  
0000085c  fmcBus2Check                        
00000898  fmcECCcheck                         
0000859c  fputc                               
0000796c  fputs                               
00007e20  free                                
000097c0  frexp                               
000097c0  frexpl                              
00008e98  fseek                               
00009920  getdevice                           
000060ac  gioDisableNotification              
00006070  gioEnableNotification               
00005fd8  gioGetBit                           
000060e8  gioGetConfigValue                   
00006000  gioGetPort                          
00005eb4  gioInit                             
000090ec  gioNotification                     
00005f68  gioSetBit                           
00005f48  gioSetDirection                     
00005fb8  gioSetPort                          
00006018  gioToggleBit                        
0000a030  handlePLLLockFail                   
00000eac  het1ParityCheck                     
00000f4c  htu1ParityCheck                     
00008364  ldexp                               
00008364  ldexpl                              
080020ac  led_1                               
080020b4  led_2                               
080020bc  led_3                               
00009d38  lseek                               
000096c4  ltoa                                
00005a8c  main                                
0000a008  malloc                              
00003658  mapClocks                           
00007614  memalign                            
00009eb0  memccpy                             
00009edc  memchr                              
00007ca0  memcpy                              
00000174  memoryInit                          
000090a4  memoryPort0TestFailNotification     
000090c0  memoryPort1TestFailNotification     
00008ca0  memset                              
00001260  mibspi1ParityCheck                  
000080ec  muxInit                             
080020c4  parmbuf                             
00001d2c  pbistFail                           
00001db0  pbistGetConfigValue                 
000005a8  pbistIsTestCompleted                
000005d4  pbistIsTestPassed                   
00000608  pbistPortTestStatus                 
000004ac  pbistRun                            
000002cc  pbistSelfCheck                      
00000578  pbistStop                           
00003604  periphInit                          
0000a028  phantomInterrupt                    
00008174  pinmuxGetConfigValue                
00009124  printf                              
0000859c  putc                                
00009cf0  remove                              
00000000  resetEntry                          
00009d7c  rtiCompare0Interrupt                
00009d9c  rtiCompare1Interrupt                
00005324  rtiDisableNotification              
000052fc  rtiEnableNotification               
00005340  rtiGetConfigValue                   
00005090  rtiGetCurrentTick                   
00005068  rtiGetPeriod                        
00004e9c  rtiInit                             
00005e18  rtiNotification                     
00004fdc  rtiResetCounter                     
00005040  rtiSetPeriod                        
00004f84  rtiStartCounter                     
00004fb0  rtiStopCounter                      
00008364  scalbn                              
00008364  scalbnl                             
00000020  selftestFailNotification            
000035c4  setupFlash                          
00003500  setupPLL                            
00007f94  setvbuf                             
00009114  spiEndNotification                  
00009100  spiNotification                     
00003da4  sramGetConfigValue                  
00001ef8  stcGetConfigValue                   
000001b8  stcSelfCheck                        
00000df8  stcSelfCheckFail                    
00009f30  strchr                              
00009f58  strcmp                              
00009fc4  strcpy                              
00009fa4  strlen                              
00009ca8  strncpy                             
00003838  systemGetConfigValue                
0000373c  systemInit                          
00003808  systemPowerDown                     
00003bf8  tcmflashGetConfigValue              
08001ee8  tick                                
08001ee9  tick2                               
00003550  trimLPO                             
00009cf0  unlink                              
00004074  vimChannelMap                       
00004270  vimDisableInterrupt                 
00004118  vimEnableInterrupt                  
000042f4  vimGetConfigValue                   
00003fa0  vimInit                             
00000e00  vimParityCheck                      
00006dcc  vimParityErrorHandler               
00009f80  wcslen                              
00009dc0  write                               


GLOBAL SYMBOLS: SORTED BY Symbol Address 

address   name                                
-------   ----                                
00000000  __TI_static_base__                  
00000000  resetEntry                          
00000020  selftestFailNotification            
00000030  ccmSelfCheck                        
00000174  memoryInit                          
000001b8  stcSelfCheck                        
00000234  cpuSelfTest                         
000002cc  pbistSelfCheck                      
000004ac  pbistRun                            
00000578  pbistStop                           
000005a8  pbistIsTestCompleted                
000005d4  pbistIsTestPassed                   
00000608  pbistPortTestStatus                 
00000660  efcCheck                            
000006e8  efcStuckZeroTest                    
00000794  efcSelfTest                         
000007bc  checkefcSelfTest                    
00000800  __SYSMEM_SIZE                       
0000085c  fmcBus2Check                        
00000898  fmcECCcheck                         
00000938  checkB0RAMECC                       
00000b28  checkB1RAMECC                       
00000d18  checkFlashECC                       
00000df4  custom_dabort                       
00000df8  stcSelfCheckFail                    
00000dfc  cpuSelfTestFail                     
00000e00  vimParityCheck                      
00000eac  het1ParityCheck                     
00000f4c  htu1ParityCheck                     
00001004  adc1ParityCheck                     
000010bc  can1ParityCheck                     
00001198  can2ParityCheck                     
00001260  mibspi1ParityCheck                  
000013bc  checkRAMECC                         
00001604  checkClockMonitor                   
000016d8  checkFlashEEPROMECC                 
00001880  checkPLL1Slip                       
0000199c  checkRAMAddrParity                  
00001aa4  checkRAMUERRTest                    
00001c00  fmcBus1ParityCheck                  
00001d2c  pbistFail                           
00001db0  pbistGetConfigValue                 
00001ef8  stcGetConfigValue                   
00001f98  efcGetConfigValue                   
00002034  ccmr4GetConfigValue                 
000020b0  errata_PBIST_4                      
000023d0  enableParity                        
00002424  disableParity                       
00002510  __TI_printfi                        
00003500  setupPLL                            
00003550  trimLPO                             
000035c4  setupFlash                          
00003604  periphInit                          
00003658  mapClocks                           
0000373c  systemInit                          
00003808  systemPowerDown                     
00003838  systemGetConfigValue                
00003bf8  tcmflashGetConfigValue              
00003da4  sramGetConfigValue                  
00003ee0  customTrimLPO                       
00003fa0  vimInit                             
00004074  vimChannelMap                       
00004118  vimEnableInterrupt                  
00004270  vimDisableInterrupt                 
000042f4  vimGetConfigValue                   
00004838  _errata_SSWF021_45_both_plls        
00004a2c  _errata_SSWF021_45_pll1             
00004ba4  _errata_SSWF021_45_pll2             
00004e9c  rtiInit                             
00004f84  rtiStartCounter                     
00004fb0  rtiStopCounter                      
00004fdc  rtiResetCounter                     
00005040  rtiSetPeriod                        
00005068  rtiGetPeriod                        
00005090  rtiGetCurrentTick                   
0000511c  dwdInit                             
00005144  dwwdInit                            
0000518c  dwwdGetCurrentDownCounter           
00005198  dwdCounterEnable                    
000051a8  dwdSetPreload                       
000051c4  dwdReset                            
000051e0  dwdGenerateSysReset                 
000051fc  IsdwdKeySequenceCorrect             
00005230  dwdGetStatus                        
00005264  dwdClearFlag                        
00005274  dwdGetViolationStatus               
000052fc  rtiEnableNotification               
00005324  rtiDisableNotification              
00005340  rtiGetConfigValue                   
000054d0  esmInit                             
000055d8  esmError                            
000055f4  esmEnableError                      
0000561c  esmDisableError                     
00005644  esmTriggerErrorPinReset             
00005654  esmActivateNormalOperation          
00005664  esmEnableInterrupt                  
0000568c  esmDisableInterrupt                 
000056b4  esmSetInterruptLevel                
00005728  esmClearStatus                      
00005768  esmClearStatusBuffer                
00005784  esmSetCounterPreloadValue           
000057a4  esmGetStatus                        
00005828  esmGetStatusBuffer                  
00005860  esmEnterSelfTest                    
000058e8  esmSelfTestStatus                   
00005938  esmGetConfigValue                   
00005a8c  main                                
00005e18  rtiNotification                     
00005eb4  gioInit                             
00005f48  gioSetDirection                     
00005f68  gioSetBit                           
00005fb8  gioSetPort                          
00005fd8  gioGetBit                           
00006000  gioGetPort                          
00006018  gioToggleBit                        
00006070  gioEnableNotification               
000060ac  gioDisableNotification              
000060e8  gioGetConfigValue                   
00006584  _coreInitRegisters_                 
0000663c  _coreInitStackPointer_              
00006688  _getCPSRValue_                      
00006690  _gotoCPUIdle_                       
000066a8  _coreEnableEventBusExport_          
000066b8  _coreDisableEventBusExport_         
000066c8  _coreEnableRamEcc_                  
000066d8  _coreDisableRamEcc_                 
000066e8  _coreEnableFlashEcc_                
000066fc  _coreDisableFlashEcc_               
0000670c  _coreEnableIrqVicOffset_            
0000671c  _coreGetDataFault_                  
00006724  _coreClearDataFault_                
00006730  _coreGetInstructionFault_           
00006738  _coreClearInstructionFault_         
00006744  _coreGetDataFaultAddress_           
0000674c  _coreClearDataFaultAddress_         
00006758  _coreGetInstructionFaultAddress_    
00006760  _coreClearInstructionFaultAddress_  
0000676c  _coreGetAuxiliaryDataFault_         
00006774  _coreClearAuxiliaryDataFault_       
00006780  _coreGetAuxiliaryInstructionFault_  
00006788  _coreClearAuxiliaryInstructionFault_
00006794  _disable_interrupt_                 
0000679c  _disable_FIQ_interrupt_             
000067a4  _disable_IRQ_interrupt_             
000067ac  _enable_interrupt_                  
000067b4  _esmCcmErrorsClear_                 
0000683c  _errata_CORTEXR4_66_                
0000684c  __TI_PINIT_Base                     
00006850  __TI_PINIT_Limit                    
00006b14  __aeabi_uldivmod                    
00006dcc  vimParityErrorHandler               
00007034  _c_int00                            
00007250  __aeabi_dsub                        
0000725c  __aeabi_dadd                        
00007614  aligned_alloc                       
00007614  memalign                            
0000796c  fputs                               
00007b10  __aeabi_ddiv                        
00007ca0  __aeabi_memcpy                      
00007ca0  __aeabi_memcpy4                     
00007ca0  __aeabi_memcpy8                     
00007ca0  memcpy                              
00007e20  free                                
00007f94  setvbuf                             
000080ec  muxInit                             
00008174  pinmuxGetConfigValue                
0000823c  __aeabi_dmul                        
00008364  ldexp                               
00008364  ldexpl                              
00008364  scalbn                              
00008364  scalbnl                             
0000859c  fputc                               
0000859c  putc                                
0000869c  esmHighInterrupt                    
00008788  _dabort                             
00008870  __aeabi_cdcmpeq                     
00008870  __aeabi_cdcmple                     
00008950  __aeabi_cdrcmple                    
00008a30  _pmuInit_                           
00008a7c  _pmuEnableCountersGlobal_           
00008a8c  _pmuDisableCountersGlobal_          
00008a9c  _pmuResetCycleCounter_              
00008aac  _pmuResetEventCounters_             
00008abc  _pmuResetCounters_                  
00008acc  _pmuStartCounters_                  
00008ad4  _pmuStopCounters_                   
00008adc  _pmuSetCountEvent_                  
00008ae8  _pmuGetCycleCount_                  
00008af0  _pmuGetEventCount_                  
00008afc  _pmuGetOverflow_                    
00008bd8  __TI_closefile                      
00008c90  __aeabi_memclr                      
00008c90  __aeabi_memclr4                     
00008c90  __aeabi_memclr8                     
00008c94  __aeabi_memset                      
00008c94  __aeabi_memset4                     
00008c94  __aeabi_memset8                     
00008ca0  memset                              
00008d40  HOSTlseek                           
00008e98  fseek                               
00008f40  HOSTrename                          
00008fe4  __TI_wrt_ok                         
00009084  esmGroup1Notification               
00009094  esmGroup2Notification               
000090a4  memoryPort0TestFailNotification     
000090c0  memoryPort1TestFailNotification     
000090ec  gioNotification                     
00009100  spiNotification                     
00009114  spiEndNotification                  
00009124  printf                              
000091c0  HOSTopen                            
000092f0  close                               
00009388  HOSTread                            
00009418  HOSTwrite                           
000094a8  __TI_decompress_lzss                
00009538  __TI_doflush                        
00009640  atoi                                
000096c4  ltoa                                
00009744  exit                                
000097c0  frexp                               
000097c0  frexpl                              
0000983c  HOSTclose                           
000098b0  HOSTunlink                          
00009920  getdevice                           
0000998c  __TI_auto_init_nobinit_nopinit      
00009a58  __aeabi_d2iz                        
00009ab4  __TI_cleanup                        
00009b08  __TI_readmsg                        
00009b5c  __TI_writemsg                       
00009ba4  C$$IO$$                             
00009bb0  finddevice                          
00009c04  __aeabi_idiv                        
00009c04  __aeabi_idivmod                     
00009c58  __aeabi_uidiv                       
00009c58  __aeabi_uidivmod                    
00009ca8  strncpy                             
00009cf0  remove                              
00009cf0  unlink                              
00009d38  lseek                               
00009d7c  rtiCompare0Interrupt                
00009d9c  rtiCompare1Interrupt                
00009dc0  write                               
00009e44  __aeabi_i2d                         
00009eb0  memccpy                             
00009edc  memchr                              
00009f08  __TI_zero_init_nomemset             
00009f30  strchr                              
00009f58  strcmp                              
00009f80  wcslen                              
00009fa4  strlen                              
00009fc4  strcpy                              
00009fdc  __TI_decompress_none                
00009ff0  __aeabi_errno_addr                  
00009ffc  copysign                            
00009ffc  copysignl                           
0000a008  malloc                              
0000a014  C$$EXIT                             
0000a014  abort                               
0000a01c  _nop                                
0000a028  phantomInterrupt                    
0000a02c  __aeabi_idiv0                       
0000a02c  __aeabi_ldiv0                       
0000a030  handlePLLLockFail                   
0000a1b4  _ctypes_                            
0000a320  __TI_Handler_Table_Base             
0000a32c  __TI_Handler_Table_Limit            
0000a338  __TI_CINIT_Base                     
0000a348  __TI_CINIT_Limit                    
08001500  _sys_memory                         
08001d00  _ftable                             
08001df0  _device                             
08001e68  _stream                             
08001eb8  __TI_ft_end                         
08001ebc  __aeabi_stdin                       
08001ec0  __aeabi_stdout                      
08001ec4  __aeabi_stderr                      
08001ec8  __TI_cleanup_ptr                    
08001ecc  __TI_dtors_ptr                      
08001ed0  __TI_enable_exit_profile_output     
08001ed4  _lock                               
08001ed8  _unlock                             
08001ee4  errno                               
08001ee8  tick                                
08001ee9  tick2                               
08001eec  __CIOBUF_                           
0800200c  __TI_tmpnams                        
080020ac  led_1                               
080020b4  led_2                               
080020bc  led_3                               
080020c4  parmbuf                             
ffffffff  __TI_pprof_out_hndl                 
ffffffff  __TI_prof_data_size                 
ffffffff  __TI_prof_data_start                
ffffffff  __binit__                           
ffffffff  __c_args__                          
ffffffff  binit                               
UNDEFED   SHT$$INIT_ARRAY$$Base               
UNDEFED   SHT$$INIT_ARRAY$$Limit              
UNDEFED   _system_post_cinit                  

[299 symbols]
